[zinfotec.com/index.html]
[zinfotec.com/public/assets/css/flaticon.css]
[zinfotec.com/public/assets/css/bootstrap.min.css]
[zinfotec.com/public/assets/css/owl.carousel.min.css]
[zinfotec.com/public/assets/css/swiper-min.css]
[zinfotec.com/public/assets/css/remixicon.css]
[zinfotec.com/public/assets/css/magnific-popup.min.css]
[zinfotec.com/public/assets/css/fancybox.css]
[zinfotec.com/public/assets/css/aos.css]
[zinfotec.com/public/assets/css/dark-theme.css]
[zinfotec.com/public/assets/css/responsive.css]
[backblue.gif]
[fade.gif]
[index.html]
[zinfotec.com/public/assets/css/style.css]
[zinfotec.com/public/assets/img/favicon.ico]
[cdnjs.cloudflare.com/ajax/libs/magnific-popup.js/1.1.0/magnific-popup.min.css]
[cdnjs.cloudflare.com/ajax/libs/magnific-popup.js/1.1.0/jquery.magnific-popup.min.js]
[zinfotec.com/public/assets/img/logo.png]
[zinfotec.com/public/assets/img/logo-white.png]
[zinfotec.com/about.html]
[zinfotec.com/gallery.html]
[zinfotec.com/outdoor_fixed.html]
[zinfotec.com/indoor_fixed.html]
[zinfotec.com/led_mobile.html]
[zinfotec.com/single_color.html]
[zinfotec.com/led_glow.html]
[zinfotec.com/public/assets/js/jquery.min.js]
[zinfotec.com/contact.html]
[zinfotec.com/contact-2.html]
[zinfotec.com/public/assets/img/products/product-thumb-1.png]
[zinfotec.com/product.html]
[zinfotec.com/public/assets/img/products/product-thumb-2.png]
[zinfotec.com/public/assets/img/products/product-thumb-3.png]
[zinfotec.com/cart.html]
[zinfotec.com/checkout.html]
[zinfotec.com/public/assets/img/hero/hero-slider-1.png]
[zinfotec.com/public/assets/img/hero/hero-slider-2.png]
[zinfotec.com/public/assets/img/hero/hero-slider-3.png]
[zinfotec.com/public/assets/img/shape/feature-shape.png]
[zinfotec.com/public/assets/img/about/about-img-5.png]
[zinfotec.com/pvc_panel.html]
[zinfotec.com/privacy.html]
[zinfotec.com/public/assets/js/form-validator.min.js]
[zinfotec.com/public/assets/js/aos.js]
[zinfotec.com/public/assets/js/owl.carousel.min.js]
[zinfotec.com/public/assets/js/magnific-popup.min.js]
[zinfotec.com/public/assets/js/bootstrap.bundle.min.js]
[zinfotec.com/public/assets/js/appear.js]
[zinfotec.com/public/assets/js/progressbar.min.js]
[zinfotec.com/public/assets/js/main.js]
[zinfotec.com/index.html]
[zinfotec.com/public/assets/css/bootstrap.min.css]
[zinfotec.com/public/assets/fonts/flaticon12cb12cb.ttf]
[zinfotec.com/public/assets/js/fancybox.js]
[zinfotec.com/public/assets/fonts/flaticon12cb12cb.woff]
[zinfotec.com/public/assets/js/swiper-min.js]
[zinfotec.com/public/assets/fonts/flaticon12cb12cb.woff2]
[zinfotec.com/public/assets/fonts/flaticon12cb12cb.eot]
[zinfotec.com/public/assets/css/flaticon.css]
[zinfotec.com/public/assets/fonts/remixicondf6ddf6d.eot]
[zinfotec.com/public/assets/fonts/remixicondf6ddf6d.woff2]
[zinfotec.com/public/assets/fonts/remixicondf6ddf6d.woff]
[zinfotec.com/public/assets/js/tweenmax.min.js]
[zinfotec.com/public/assets/fonts/remixicondf6ddf6d.ttf]
[zinfotec.com/public/assets/css/remixicon.css]
[zinfotec.com/public/assets/css/owl.video.play.html]
[zinfotec.com/public/assets/css/owl.carousel.min.css]
[zinfotec.com/public/assets/css/swiper-min.css]
[zinfotec.com/public/assets/css/magnific-popup.min.css]
[zinfotec.com/public/assets/css/fancybox.css]
[zinfotec.com/public/assets/css/aos.css]
[zinfotec.com/public/assets/img/down-arrow.html]
[zinfotec.com/public/assets/img/breadcrumb/breadcrumb-1.jpg]
[zinfotec.com/public/assets/img/breadcrumb/breadcrumb-2.jpg]
[zinfotec.com/public/assets/img/breadcrumb/breadcrumb-3.jpg]
[zinfotec.com/public/assets/img/breadcrumb/breadcrumb-4.jpg]
[zinfotec.com/public/assets/img/down-arrow.png]
[zinfotec.com/public/assets/img/subscribe-bg.jpg]
[zinfotec.com/public/assets/img/hero/hero-bg-3.html]
[zinfotec.com/public/assets/img/hero/hero-bg-2.html]
[zinfotec.com/public/assets/img/about/about-img-6.jpg]
[zinfotec.com/public/assets/img/about/about-img-3.jpg]
[zinfotec.com/public/assets/img/about/about-img-7.jpg]
[zinfotec.com/public/assets/img/about/about-img-2.jpg]
[zinfotec.com/public/assets/img/why-choose-us/wh-img-1.jpg]
[zinfotec.com/public/assets/img/why-choose-us/wh-img-3.jpg]
[zinfotec.com/public/assets/css/style.css]
[zinfotec.com/i.ibb.co/7JfqXxB/night.html]
[i.ibb.co/FxzBYR9/sunny.png]
[zinfotec.com/public/assets/css/dark-theme.css]
[zinfotec.com/public/assets/css/responsive.css]
[cdnjs.cloudflare.com/ajax/libs/magnific-popup.js/1.1.0/magnific-popup.min.css]
[zinfotec.com/about.html]
[zinfotec.com/index-2.html]
[zinfotec.com/public/assets/Services/ZinfoTec_Assignments_2019716_32B5LS.jpg]
[zinfotec.com/public/assets/Services/ZinfoTec_Assignments_2019722_14SMCG.jpg]
[zinfotec.com/public/assets/Services/ZinfoTec_Assignments_2019727_11QLUA.jpg]
[zinfotec.com/public/assets/Services/ZinfoTec_Assignments_2019727_14RFQY.jpg]
[zinfotec.com/public/assets/Services/ZinfoTec_Assignments_2019727_22LHCI.png]
[zinfotec.com/public/assets/Services/ZinfoTec_Assignments_2019727_4018B8.jpg]
[zinfotec.com/public/assets/Services/ZinfoTec_Assignments_2019727_46M4XR.jpg]
[zinfotec.com/public/assets/Services/ZinfoTec_Services_2019722_30DKAM.jpg]
[zinfotec.com/public/assets/Services/ZinfoTec_Services_2019722_4J8TC.jpg]
[zinfotec.com/public/assets/Services/ZinfoTec_Services_2019724_10N8ID.jpg]
[zinfotec.com/public/assets/Services/ZinfoTec_Services_2019724_13EYEE.jpg]
[zinfotec.com/public/assets/Services/ZinfoTec_Services_2019724_276ADL.jpg]
[zinfotec.com/public/assets/Services/ZinfoTec_Services_2019724_35WTKW.jpg]
[zinfotec.com/public/assets/Services/ZinfoTec_Services_2019724_49HF8M.jpg]
[zinfotec.com/public/assets/Services/ZinfoTec_Services_2019724_49ZUX4.jpg]
[zinfotec.com/public/assets/Services/ZinfoTec_Services_2019724_51T7R1.jpg]
[zinfotec.com/public/assets/Services/ZinfoTec_Services_2019724_52HCAU.jpg]
[zinfotec.com/public/assets/Services/ZinfoTec_Services_2019724_54FUFU.jpg]
[zinfotec.com/public/assets/Services/ZinfoTec_Services_2019724_8XYSF.jpg]
[zinfotec.com/public/assets/Services/ZinfoTec_Services_2019727_18R4PE.jpg]
[zinfotec.com/public/assets/Services/ZinfoTec_Services_2019727_19UQK5.jpg]
[zinfotec.com/public/assets/Services/ZinfoTec_Services_2019727_45BGKW.jpg]
[zinfotec.com/public/assets/Services/ZinfoTec_Services_2019727_45DTQT.jpg]
[zinfotec.com/public/assets/Services/ZinfoTec_Services_2019727_4UTCT.jpg]
[zinfotec.com/public/assets/Services/ZinfoTec_Services_2019727_557KX5.jpg]
[zinfotec.com/gallery.html]
[zinfotec.com/public/products/P-10 Outdoor.jpg]
[zinfotec.com/public/products/P-10 Outdoor(2).jpg]
[zinfotec.com/public/products/P-6 Outdoor.jpg]
[zinfotec.com/public/products/P-6 Outdoor{2}.jpg]
[zinfotec.com/public/products/P-6 Outdoor{3}.jpg]
[zinfotec.com/public/products/P-6 Outdoor{4}.jpg]
[zinfotec.com/public/products/P-6 Outdoor{5}.jpg]
[zinfotec.com/public/products/P-6 Outdoor{6}.jpg]
[zinfotec.com/public/products/P-6 Outdoor{7}.jpg]
[zinfotec.com/public/products/P-4 Outdoor.jpg]
[zinfotec.com/public/products/P-4 Outdoor(2).jpg]
[zinfotec.com/public/products/P-4 Outdoor(3).jpg]
[zinfotec.com/public/products/P-4 Outdoor(4).jpg]
[zinfotec.com/public/products/P-4 Outdoor(5).jpg]
[zinfotec.com/public/products/P-4 Outdoor(6).jpg]
[zinfotec.com/public/products/P-4 Outdoor(7).jpg]
[zinfotec.com/public/products/P-8 Outdoor.jpg]
[zinfotec.com/outdoor_fixed.html]
[zinfotec.com/shop-left-sidebar.html]
[zinfotec.com/public/products/P-2 Indoor.jpg]
[zinfotec.com/public/products/P-2.5 Indoor.jpg]
[zinfotec.com/public/products/P-3 Indoor(2).jpg]
[zinfotec.com/public/products/P-3 Indoor(3).jpg]
[zinfotec.com/public/products/P-3 Indoor.jpg]
[zinfotec.com/public/products/P-4 Indoor.jpg]
[zinfotec.com/public/products/P-8 Indoor(2).jpg]
[zinfotec.com/indoor_fixed.html]
[zinfotec.com/public/products/LED Van.jpg]
[zinfotec.com/public/products/LED-Van(2).jpg]
[zinfotec.com/public/products/LED-Van(3).jpg]
[zinfotec.com/public/products/LED-Van(4).jpg]
[zinfotec.com/public/products/LED-Van(5).jpg]
[zinfotec.com/public/products/LED-Van(6).jpg]
[zinfotec.com/public/products/LED-Van(7).jpg]
[zinfotec.com/public/products/LED-Van(8).jpg]
[zinfotec.com/led_mobile.html]
[zinfotec.com/public/products/Single Color.jpg]
[zinfotec.com/single_color.html]
[zinfotec.com/public/products/Glow Sign(10).jpg]
[zinfotec.com/public/products/Glow Sign(11).jpg]
[zinfotec.com/public/products/Glow Sign(12).jpg]
[zinfotec.com/public/products/Glow Sign(13).jpg]
[zinfotec.com/public/products/Glow Sign(14).jpg]
[zinfotec.com/public/products/Glow Sign(2).jpg]
[zinfotec.com/public/products/Glow Sign(3).jpg]
[zinfotec.com/public/products/Glow Sign(4).jpg]
[zinfotec.com/public/products/Glow Sign(5).jpg]
[zinfotec.com/public/products/Glow Sign(6).jpg]
[zinfotec.com/public/products/Glow Sign(7).jpg]
[zinfotec.com/public/products/Glow Sign(8).jpg]
[zinfotec.com/public/products/Glow Sign(9).jpg]
[zinfotec.com/public/products/Glow Sign.jpg]
[zinfotec.com/led_glow.html]
[zinfotec.com/public/assets/img/404.png]
[zinfotec.com/contact.html]
[zinfotec.com/contact-2.html]
[zinfotec.com/wishlist.html]
[zinfotec.com/product.html]
[zinfotec.com/cart.html]
[zinfotec.com/checkout.html]
[zinfotec.com/shop-details.html]
[zinfotec.com/public/assets/Services/ZinfoTec_Services_2019724_8XYSF-2.jpg]
[zinfotec.com/pvc_panel.html]
[zinfotec.com/privacy.html]
[zinfotec.com/public/assets/fonts/flaticon12cb12cb.svg]
[zinfotec.com/public/assets/fonts/remixicondf6ddf6d.svg]
[zinfotec.com/public/assets/css/owl.video.play.html]
[zinfotec.com/public/assets/img/down-arrow.html]
[zinfotec.com/public/assets/img/hero/hero-bg-3.html]
[zinfotec.com/public/assets/img/hero/hero-bg-2.html]
[zinfotec.com/i.ibb.co/7JfqXxB/public/assets/css/bootstrap.min.html]
[zinfotec.com/i.ibb.co/7JfqXxB/public/assets/css/flaticon.html]
[zinfotec.com/i.ibb.co/7JfqXxB/public/assets/css/remixicon.html]
[zinfotec.com/i.ibb.co/7JfqXxB/public/assets/css/owl.carousel.min.html]
[zinfotec.com/i.ibb.co/7JfqXxB/public/assets/css/swiper-min.html]
[zinfotec.com/i.ibb.co/7JfqXxB/public/assets/css/magnific-popup.min.html]
[zinfotec.com/i.ibb.co/7JfqXxB/public/assets/css/fancybox.html]
[zinfotec.com/i.ibb.co/7JfqXxB/public/assets/css/aos.html]
[zinfotec.com/i.ibb.co/7JfqXxB/public/assets/css/style.html]
[zinfotec.com/i.ibb.co/7JfqXxB/public/assets/css/dark-theme.html]
[zinfotec.com/i.ibb.co/7JfqXxB/public/assets/css/responsive.html]
[zinfotec.com/i.ibb.co/7JfqXxB/public/assets/img/favicon.html]
[zinfotec.com/i.ibb.co/7JfqXxB/public/assets/js/jquery.min.html]
[zinfotec.com/i.ibb.co/7JfqXxB/public/assets/img/logo.html]
[zinfotec.com/i.ibb.co/7JfqXxB/public/assets/img/logo-white.html]
[zinfotec.com/i.ibb.co/7JfqXxB/contact.html]
[zinfotec.com/i.ibb.co/7JfqXxB/public/assets/img/products/product-thumb-1.html]
[zinfotec.com/i.ibb.co/7JfqXxB/public/assets/img/products/product-thumb-2.html]
[zinfotec.com/i.ibb.co/7JfqXxB/public/assets/img/products/product-thumb-3.html]
[zinfotec.com/i.ibb.co/7JfqXxB/cart.html]
[zinfotec.com/i.ibb.co/7JfqXxB/checkout.html]
[zinfotec.com/i.ibb.co/7JfqXxB/public/assets/img/404.html]
[zinfotec.com/i.ibb.co/7JfqXxB/index-2.html]
[zinfotec.com/i.ibb.co/7JfqXxB/public/assets/js/bootstrap.bundle.min.html]
[zinfotec.com/i.ibb.co/7JfqXxB/public/assets/js/form-validator.min.html]
[zinfotec.com/i.ibb.co/7JfqXxB/public/assets/js/aos.html]
[zinfotec.com/i.ibb.co/7JfqXxB/public/assets/js/owl.carousel.min.html]
[zinfotec.com/i.ibb.co/7JfqXxB/public/assets/js/swiper-min.html]
[zinfotec.com/i.ibb.co/7JfqXxB/public/assets/js/magnific-popup.min.html]
[zinfotec.com/i.ibb.co/7JfqXxB/public/assets/js/fancybox.html]
[zinfotec.com/i.ibb.co/7JfqXxB/public/assets/js/appear.html]
[zinfotec.com/i.ibb.co/7JfqXxB/public/assets/js/tweenmax.min.html]
[zinfotec.com/i.ibb.co/7JfqXxB/public/assets/js/progressbar.min.html]
[zinfotec.com/i.ibb.co/7JfqXxB/night.html]
[zinfotec.com/index-2.html]
[zinfotec.com/shop-left-sidebar.html]
[zinfotec.com/public/mail.html]
[zinfotec.com/wishlist.html]
[zinfotec.com/shop-details.html]
[zinfotec.com/i.ibb.co/7JfqXxB/public/assets/js/main.html]
[zinfotec.com/i.ibb.co/7JfqXxB/public/assets/css/public/assets/css/bootstrap.min.html]
[zinfotec.com/i.ibb.co/7JfqXxB/public/assets/css/public/assets/css/flaticon.html]
[zinfotec.com/i.ibb.co/7JfqXxB/public/assets/css/public/assets/css/remixicon.html]
[zinfotec.com/i.ibb.co/7JfqXxB/public/assets/css/public/assets/css/owl.carousel.min.html]
[zinfotec.com/i.ibb.co/7JfqXxB/public/assets/css/public/assets/css/swiper-min.html]
[zinfotec.com/i.ibb.co/7JfqXxB/public/assets/css/public/assets/css/magnific-popup.min.html]
[zinfotec.com/i.ibb.co/7JfqXxB/public/assets/css/public/assets/css/fancybox.html]
[zinfotec.com/i.ibb.co/7JfqXxB/public/assets/css/public/assets/css/aos.html]
[zinfotec.com/i.ibb.co/7JfqXxB/public/assets/css/public/assets/css/style.html]
[zinfotec.com/i.ibb.co/7JfqXxB/public/assets/css/public/assets/css/dark-theme.html]
[zinfotec.com/i.ibb.co/7JfqXxB/public/assets/css/public/assets/css/responsive.html]
[zinfotec.com/i.ibb.co/7JfqXxB/public/assets/css/public/assets/img/favicon.html]
[zinfotec.com/i.ibb.co/7JfqXxB/public/assets/css/public/assets/js/jquery.min.html]
[zinfotec.com/i.ibb.co/7JfqXxB/public/assets/css/public/assets/img/logo.html]
[zinfotec.com/i.ibb.co/7JfqXxB/public/assets/css/public/assets/img/logo-white.html]
[zinfotec.com/i.ibb.co/7JfqXxB/public/assets/css/contact.html]
[zinfotec.com/i.ibb.co/7JfqXxB/public/assets/css/public/assets/img/products/product-thumb-1.html]
[zinfotec.com/i.ibb.co/7JfqXxB/public/assets/css/public/assets/img/products/product-thumb-2.html]
[zinfotec.com/i.ibb.co/7JfqXxB/public/assets/css/public/assets/img/products/product-thumb-3.html]
[zinfotec.com/i.ibb.co/7JfqXxB/public/assets/css/cart.html]
[zinfotec.com/i.ibb.co/7JfqXxB/public/assets/css/checkout.html]
[zinfotec.com/i.ibb.co/7JfqXxB/public/assets/css/public/assets/img/404.html]
[zinfotec.com/i.ibb.co/7JfqXxB/public/assets/css/index-2.html]
[zinfotec.com/i.ibb.co/7JfqXxB/public/assets/css/public/assets/js/bootstrap.bundle.min.html]
[zinfotec.com/i.ibb.co/7JfqXxB/public/assets/css/public/assets/js/form-validator.min.html]
[zinfotec.com/i.ibb.co/7JfqXxB/public/assets/css/public/assets/js/aos.html]
[zinfotec.com/i.ibb.co/7JfqXxB/public/assets/css/public/assets/js/owl.carousel.min.html]
[zinfotec.com/i.ibb.co/7JfqXxB/public/assets/css/public/assets/js/swiper-min.html]
[zinfotec.com/i.ibb.co/7JfqXxB/public/assets/css/public/assets/js/magnific-popup.min.html]
[zinfotec.com/i.ibb.co/7JfqXxB/public/assets/css/public/assets/js/fancybox.html]
[zinfotec.com/i.ibb.co/7JfqXxB/public/assets/css/public/assets/js/appear.html]
[zinfotec.com/i.ibb.co/7JfqXxB/public/assets/css/public/assets/js/tweenmax.min.html]
[zinfotec.com/i.ibb.co/7JfqXxB/public/assets/css/public/assets/js/progressbar.min.html]
[zinfotec.com/i.ibb.co/7JfqXxB/public/assets/css/bootstrap.min.html]
[zinfotec.com/i.ibb.co/7JfqXxB/public/assets/css/flaticon.html]
[zinfotec.com/i.ibb.co/7JfqXxB/public/assets/css/public/assets/js/main.html]
[zinfotec.com/i.ibb.co/7JfqXxB/public/assets/css/remixicon.html]
[zinfotec.com/i.ibb.co/7JfqXxB/public/assets/css/owl.carousel.min.html]
[zinfotec.com/i.ibb.co/7JfqXxB/public/assets/css/swiper-min.html]
[zinfotec.com/i.ibb.co/7JfqXxB/public/assets/css/magnific-popup.min.html]
[zinfotec.com/i.ibb.co/7JfqXxB/public/assets/css/fancybox.html]
[zinfotec.com/i.ibb.co/7JfqXxB/public/assets/css/aos.html]
[zinfotec.com/i.ibb.co/7JfqXxB/public/assets/css/style.html]
[zinfotec.com/i.ibb.co/7JfqXxB/public/assets/css/dark-theme.html]
[zinfotec.com/i.ibb.co/7JfqXxB/public/assets/css/responsive.html]
[zinfotec.com/i.ibb.co/7JfqXxB/public/assets/img/public/assets/css/bootstrap.min.html]
[zinfotec.com/i.ibb.co/7JfqXxB/public/assets/img/public/assets/css/flaticon.html]
[zinfotec.com/i.ibb.co/7JfqXxB/public/assets/img/public/assets/css/remixicon.html]
[zinfotec.com/i.ibb.co/7JfqXxB/public/assets/img/public/assets/css/owl.carousel.min.html]
[zinfotec.com/i.ibb.co/7JfqXxB/public/assets/img/public/assets/css/swiper-min.html]
[zinfotec.com/i.ibb.co/7JfqXxB/public/assets/img/public/assets/css/magnific-popup.min.html]
[zinfotec.com/i.ibb.co/7JfqXxB/public/assets/img/public/assets/css/fancybox.html]
[zinfotec.com/i.ibb.co/7JfqXxB/public/assets/img/public/assets/css/aos.html]
[zinfotec.com/i.ibb.co/7JfqXxB/public/assets/img/public/assets/css/style.html]
[zinfotec.com/i.ibb.co/7JfqXxB/public/assets/img/public/assets/css/dark-theme.html]
[zinfotec.com/i.ibb.co/7JfqXxB/public/assets/img/public/assets/css/responsive.html]
[zinfotec.com/i.ibb.co/7JfqXxB/public/assets/img/public/assets/img/favicon.html]
[zinfotec.com/i.ibb.co/7JfqXxB/public/assets/img/public/assets/js/jquery.min.html]
[zinfotec.com/i.ibb.co/7JfqXxB/public/assets/img/public/assets/img/logo.html]
[zinfotec.com/i.ibb.co/7JfqXxB/public/assets/img/public/assets/img/logo-white.html]
[zinfotec.com/i.ibb.co/7JfqXxB/public/assets/img/contact.html]
[zinfotec.com/i.ibb.co/7JfqXxB/public/assets/img/public/assets/img/products/product-thumb-1.html]
[zinfotec.com/i.ibb.co/7JfqXxB/public/assets/img/public/assets/img/products/product-thumb-2.html]
[zinfotec.com/i.ibb.co/7JfqXxB/public/assets/img/public/assets/img/products/product-thumb-3.html]
[zinfotec.com/i.ibb.co/7JfqXxB/public/assets/img/cart.html]
[zinfotec.com/i.ibb.co/7JfqXxB/public/assets/img/checkout.html]
[zinfotec.com/i.ibb.co/7JfqXxB/public/assets/img/public/assets/img/404.html]
[zinfotec.com/i.ibb.co/7JfqXxB/public/assets/img/index-2.html]
[zinfotec.com/i.ibb.co/7JfqXxB/public/assets/img/public/assets/js/bootstrap.bundle.min.html]
[zinfotec.com/i.ibb.co/7JfqXxB/public/assets/img/public/assets/js/form-validator.min.html]
[zinfotec.com/i.ibb.co/7JfqXxB/public/assets/img/public/assets/js/aos.html]
[zinfotec.com/i.ibb.co/7JfqXxB/public/assets/img/public/assets/js/owl.carousel.min.html]
[zinfotec.com/i.ibb.co/7JfqXxB/public/assets/img/public/assets/js/swiper-min.html]
[zinfotec.com/i.ibb.co/7JfqXxB/public/assets/img/public/assets/js/magnific-popup.min.html]
[zinfotec.com/i.ibb.co/7JfqXxB/public/assets/img/public/assets/js/fancybox.html]
[zinfotec.com/i.ibb.co/7JfqXxB/public/assets/img/public/assets/js/appear.html]
[zinfotec.com/i.ibb.co/7JfqXxB/public/assets/img/public/assets/js/tweenmax.min.html]
[zinfotec.com/i.ibb.co/7JfqXxB/public/assets/img/public/assets/js/progressbar.min.html]
[zinfotec.com/i.ibb.co/7JfqXxB/public/assets/img/favicon.html]
[zinfotec.com/i.ibb.co/7JfqXxB/public/assets/img/public/assets/js/main.html]
[zinfotec.com/i.ibb.co/7JfqXxB/public/assets/js/public/assets/css/bootstrap.min.html]
[zinfotec.com/i.ibb.co/7JfqXxB/public/assets/js/public/assets/css/flaticon.html]
[zinfotec.com/i.ibb.co/7JfqXxB/public/assets/js/public/assets/css/remixicon.html]
[zinfotec.com/i.ibb.co/7JfqXxB/public/assets/js/public/assets/css/owl.carousel.min.html]
[zinfotec.com/i.ibb.co/7JfqXxB/public/assets/js/public/assets/css/swiper-min.html]
[zinfotec.com/i.ibb.co/7JfqXxB/public/assets/js/public/assets/css/magnific-popup.min.html]
[zinfotec.com/i.ibb.co/7JfqXxB/public/assets/js/public/assets/css/fancybox.html]
[zinfotec.com/i.ibb.co/7JfqXxB/public/assets/js/public/assets/css/aos.html]
[zinfotec.com/i.ibb.co/7JfqXxB/public/assets/js/public/assets/css/style.html]
[zinfotec.com/i.ibb.co/7JfqXxB/public/assets/js/public/assets/css/dark-theme.html]
[zinfotec.com/i.ibb.co/7JfqXxB/public/assets/js/public/assets/css/responsive.html]
[zinfotec.com/i.ibb.co/7JfqXxB/public/assets/js/public/assets/img/favicon.html]
[zinfotec.com/i.ibb.co/7JfqXxB/public/assets/js/public/assets/js/jquery.min.html]
[zinfotec.com/i.ibb.co/7JfqXxB/public/assets/js/public/assets/img/logo.html]
[zinfotec.com/i.ibb.co/7JfqXxB/public/assets/js/public/assets/img/logo-white.html]
[zinfotec.com/i.ibb.co/7JfqXxB/public/assets/js/contact.html]
[zinfotec.com/i.ibb.co/7JfqXxB/public/assets/js/public/assets/img/products/product-thumb-1.html]
[zinfotec.com/i.ibb.co/7JfqXxB/public/assets/js/public/assets/img/products/product-thumb-2.html]
[zinfotec.com/i.ibb.co/7JfqXxB/public/assets/js/public/assets/img/products/product-thumb-3.html]
[zinfotec.com/i.ibb.co/7JfqXxB/public/assets/js/cart.html]
[zinfotec.com/i.ibb.co/7JfqXxB/public/assets/js/checkout.html]
[zinfotec.com/i.ibb.co/7JfqXxB/public/assets/js/public/assets/img/404.html]
[zinfotec.com/i.ibb.co/7JfqXxB/public/assets/js/index-2.html]
[zinfotec.com/i.ibb.co/7JfqXxB/public/assets/js/public/assets/js/bootstrap.bundle.min.html]
[zinfotec.com/i.ibb.co/7JfqXxB/public/assets/js/public/assets/js/form-validator.min.html]
[zinfotec.com/i.ibb.co/7JfqXxB/public/assets/js/public/assets/js/aos.html]
[zinfotec.com/i.ibb.co/7JfqXxB/public/assets/js/public/assets/js/owl.carousel.min.html]
[zinfotec.com/i.ibb.co/7JfqXxB/public/assets/js/public/assets/js/swiper-min.html]
[zinfotec.com/i.ibb.co/7JfqXxB/public/assets/js/public/assets/js/magnific-popup.min.html]
[zinfotec.com/i.ibb.co/7JfqXxB/public/assets/js/public/assets/js/fancybox.html]
[zinfotec.com/i.ibb.co/7JfqXxB/public/assets/js/public/assets/js/appear.html]
[zinfotec.com/i.ibb.co/7JfqXxB/public/assets/js/public/assets/js/tweenmax.min.html]
[zinfotec.com/i.ibb.co/7JfqXxB/public/assets/js/public/assets/js/progressbar.min.html]
[zinfotec.com/i.ibb.co/7JfqXxB/public/assets/js/jquery.min.html]
[zinfotec.com/i.ibb.co/7JfqXxB/public/assets/img/logo.html]
[zinfotec.com/i.ibb.co/7JfqXxB/public/assets/img/logo-white.html]
[zinfotec.com/i.ibb.co/7JfqXxB/contact.html]
[zinfotec.com/i.ibb.co/7JfqXxB/public/assets/js/public/assets/js/main.html]
[zinfotec.com/i.ibb.co/7JfqXxB/public/assets/img/products/public/assets/css/bootstrap.min.html]
[zinfotec.com/i.ibb.co/7JfqXxB/public/assets/img/products/public/assets/css/flaticon.html]
[zinfotec.com/i.ibb.co/7JfqXxB/public/assets/img/products/public/assets/css/remixicon.html]
[zinfotec.com/i.ibb.co/7JfqXxB/public/assets/img/products/public/assets/css/owl.carousel.min.html]
[zinfotec.com/i.ibb.co/7JfqXxB/public/assets/img/products/public/assets/css/swiper-min.html]
[zinfotec.com/i.ibb.co/7JfqXxB/public/assets/img/products/public/assets/css/magnific-popup.min.html]
[zinfotec.com/i.ibb.co/7JfqXxB/public/assets/img/products/public/assets/css/fancybox.html]
[zinfotec.com/i.ibb.co/7JfqXxB/public/assets/img/products/public/assets/css/aos.html]
[zinfotec.com/i.ibb.co/7JfqXxB/public/assets/img/products/public/assets/css/style.html]
[zinfotec.com/i.ibb.co/7JfqXxB/public/assets/img/products/public/assets/css/dark-theme.html]
[zinfotec.com/i.ibb.co/7JfqXxB/public/assets/img/products/public/assets/css/responsive.html]
[zinfotec.com/i.ibb.co/7JfqXxB/public/assets/img/products/public/assets/img/favicon.html]
[zinfotec.com/i.ibb.co/7JfqXxB/public/assets/img/products/public/assets/js/jquery.min.html]
[zinfotec.com/i.ibb.co/7JfqXxB/public/assets/img/products/public/assets/img/logo.html]
[zinfotec.com/i.ibb.co/7JfqXxB/public/assets/img/products/public/assets/img/logo-white.html]
[zinfotec.com/i.ibb.co/7JfqXxB/public/assets/img/products/contact.html]
[zinfotec.com/i.ibb.co/7JfqXxB/public/assets/img/products/public/assets/img/products/product-thumb-1.html]
[zinfotec.com/i.ibb.co/7JfqXxB/public/assets/img/products/public/assets/img/products/product-thumb-2.html]
[zinfotec.com/i.ibb.co/7JfqXxB/public/assets/img/products/public/assets/img/products/product-thumb-3.html]
[zinfotec.com/i.ibb.co/7JfqXxB/public/assets/img/products/cart.html]
[zinfotec.com/i.ibb.co/7JfqXxB/public/assets/img/products/checkout.html]
[zinfotec.com/i.ibb.co/7JfqXxB/public/assets/img/products/public/assets/img/404.html]
[zinfotec.com/i.ibb.co/7JfqXxB/public/assets/img/products/index-2.html]
[zinfotec.com/i.ibb.co/7JfqXxB/public/assets/img/products/public/assets/js/bootstrap.bundle.min.html]
[zinfotec.com/i.ibb.co/7JfqXxB/public/assets/img/products/public/assets/js/form-validator.min.html]
[zinfotec.com/i.ibb.co/7JfqXxB/public/assets/img/products/public/assets/js/aos.html]
[zinfotec.com/i.ibb.co/7JfqXxB/public/assets/img/products/public/assets/js/owl.carousel.min.html]
[zinfotec.com/i.ibb.co/7JfqXxB/public/assets/img/products/public/assets/js/swiper-min.html]
[zinfotec.com/i.ibb.co/7JfqXxB/public/assets/img/products/public/assets/js/magnific-popup.min.html]
[zinfotec.com/i.ibb.co/7JfqXxB/public/assets/img/products/public/assets/js/fancybox.html]
[zinfotec.com/i.ibb.co/7JfqXxB/public/assets/img/products/public/assets/js/appear.html]
[zinfotec.com/i.ibb.co/7JfqXxB/public/assets/img/products/public/assets/js/tweenmax.min.html]
[zinfotec.com/i.ibb.co/7JfqXxB/public/assets/img/products/public/assets/js/progressbar.min.html]
[zinfotec.com/i.ibb.co/7JfqXxB/public/assets/img/products/product-thumb-1.html]
[zinfotec.com/i.ibb.co/7JfqXxB/public/assets/img/products/product-thumb-2.html]
[zinfotec.com/i.ibb.co/7JfqXxB/public/assets/img/products/product-thumb-3.html]
[zinfotec.com/i.ibb.co/7JfqXxB/cart.html]
[zinfotec.com/i.ibb.co/7JfqXxB/checkout.html]
[zinfotec.com/i.ibb.co/7JfqXxB/public/assets/img/404.html]
[zinfotec.com/i.ibb.co/7JfqXxB/index-2.html]
[zinfotec.com/i.ibb.co/7JfqXxB/public/assets/js/bootstrap.bundle.min.html]
[zinfotec.com/i.ibb.co/7JfqXxB/public/assets/js/form-validator.min.html]
[zinfotec.com/i.ibb.co/7JfqXxB/public/assets/js/aos.html]
[zinfotec.com/i.ibb.co/7JfqXxB/public/assets/js/owl.carousel.min.html]
[zinfotec.com/i.ibb.co/7JfqXxB/public/assets/js/swiper-min.html]
[zinfotec.com/i.ibb.co/7JfqXxB/public/assets/js/magnific-popup.min.html]
[zinfotec.com/i.ibb.co/7JfqXxB/public/assets/js/fancybox.html]
[zinfotec.com/i.ibb.co/7JfqXxB/public/assets/js/appear.html]
[zinfotec.com/i.ibb.co/7JfqXxB/public/assets/js/tweenmax.min.html]
[zinfotec.com/i.ibb.co/7JfqXxB/public/assets/js/progressbar.min.html]
[zinfotec.com/i.ibb.co/7JfqXxB/public/assets/js/main.html]
[zinfotec.com/i.ibb.co/7JfqXxB/public/assets/img/products/public/assets/js/main.html]
[zinfotec.com/i.ibb.co/7JfqXxB/public/assets/css/public/assets/css/public/assets/css/bootstrap.min.html]
[zinfotec.com/i.ibb.co/7JfqXxB/public/assets/css/public/assets/css/public/assets/css/flaticon.html]
[zinfotec.com/i.ibb.co/7JfqXxB/public/assets/css/public/assets/css/public/assets/css/remixicon.html]
[zinfotec.com/i.ibb.co/7JfqXxB/public/assets/css/public/assets/css/public/assets/css/owl.carousel.min.html]
[zinfotec.com/i.ibb.co/7JfqXxB/public/assets/css/public/assets/css/public/assets/css/swiper-min.html]
[zinfotec.com/i.ibb.co/7JfqXxB/public/assets/css/public/assets/css/public/assets/css/magnific-popup.min.html]
[zinfotec.com/i.ibb.co/7JfqXxB/public/assets/css/public/assets/css/public/assets/css/fancybox.html]
[zinfotec.com/i.ibb.co/7JfqXxB/public/assets/css/public/assets/css/public/assets/css/aos.html]
[zinfotec.com/i.ibb.co/7JfqXxB/public/assets/css/public/assets/css/public/assets/css/style.html]
[zinfotec.com/i.ibb.co/7JfqXxB/public/assets/css/public/assets/css/public/assets/css/dark-theme.html]
[zinfotec.com/i.ibb.co/7JfqXxB/public/assets/css/public/assets/css/public/assets/css/responsive.html]
[zinfotec.com/i.ibb.co/7JfqXxB/public/assets/css/public/assets/css/public/assets/img/favicon.html]
[zinfotec.com/i.ibb.co/7JfqXxB/public/assets/css/public/assets/css/public/assets/js/jquery.min.html]
[zinfotec.com/i.ibb.co/7JfqXxB/public/assets/css/public/assets/css/public/assets/img/logo.html]
[zinfotec.com/i.ibb.co/7JfqXxB/public/assets/css/public/assets/css/public/assets/img/logo-white.html]
[zinfotec.com/i.ibb.co/7JfqXxB/public/assets/css/public/assets/css/contact.html]
[zinfotec.com/i.ibb.co/7JfqXxB/public/assets/css/public/assets/css/public/assets/img/products/product-thumb-1.html]
[zinfotec.com/i.ibb.co/7JfqXxB/public/assets/css/public/assets/css/public/assets/img/products/product-thumb-2.html]
[zinfotec.com/i.ibb.co/7JfqXxB/public/assets/css/public/assets/css/public/assets/img/products/product-thumb-3.html]
[zinfotec.com/i.ibb.co/7JfqXxB/public/assets/css/public/assets/css/cart.html]
[zinfotec.com/i.ibb.co/7JfqXxB/public/assets/css/public/assets/css/checkout.html]
[zinfotec.com/i.ibb.co/7JfqXxB/public/assets/css/public/assets/css/public/assets/img/404.html]
[zinfotec.com/i.ibb.co/7JfqXxB/public/assets/css/public/assets/css/index-2.html]
[zinfotec.com/i.ibb.co/7JfqXxB/public/assets/css/public/assets/css/public/assets/js/bootstrap.bundle.min.html]
[zinfotec.com/i.ibb.co/7JfqXxB/public/assets/css/public/assets/css/public/assets/js/form-validator.min.html]
[zinfotec.com/i.ibb.co/7JfqXxB/public/assets/css/public/assets/css/public/assets/js/aos.html]
[zinfotec.com/i.ibb.co/7JfqXxB/public/assets/css/public/assets/css/public/assets/js/owl.carousel.min.html]
[zinfotec.com/i.ibb.co/7JfqXxB/public/assets/css/public/assets/css/public/assets/js/swiper-min.html]
[zinfotec.com/i.ibb.co/7JfqXxB/public/assets/css/public/assets/css/public/assets/js/magnific-popup.min.html]
[zinfotec.com/i.ibb.co/7JfqXxB/public/assets/css/public/assets/css/public/assets/js/fancybox.html]
[zinfotec.com/i.ibb.co/7JfqXxB/public/assets/css/public/assets/css/public/assets/js/appear.html]
[zinfotec.com/i.ibb.co/7JfqXxB/public/assets/css/public/assets/css/public/assets/js/tweenmax.min.html]
[zinfotec.com/i.ibb.co/7JfqXxB/public/assets/css/public/assets/css/public/assets/js/progressbar.min.html]
[zinfotec.com/i.ibb.co/7JfqXxB/public/assets/css/public/assets/css/bootstrap.min.html]
[zinfotec.com/i.ibb.co/7JfqXxB/public/assets/css/public/assets/css/flaticon.html]
[zinfotec.com/i.ibb.co/7JfqXxB/public/assets/css/public/assets/css/remixicon.html]
[zinfotec.com/i.ibb.co/7JfqXxB/public/assets/css/public/assets/css/owl.carousel.min.html]
[zinfotec.com/i.ibb.co/7JfqXxB/public/assets/css/public/assets/css/swiper-min.html]
[zinfotec.com/i.ibb.co/7JfqXxB/public/assets/css/public/assets/css/magnific-popup.min.html]
[zinfotec.com/i.ibb.co/7JfqXxB/public/assets/css/public/assets/css/fancybox.html]
[zinfotec.com/i.ibb.co/7JfqXxB/public/assets/css/public/assets/css/aos.html]
[zinfotec.com/i.ibb.co/7JfqXxB/public/assets/css/public/assets/css/style.html]
[zinfotec.com/i.ibb.co/7JfqXxB/public/assets/css/public/assets/css/dark-theme.html]
[zinfotec.com/i.ibb.co/7JfqXxB/public/assets/css/public/assets/css/responsive.html]
[zinfotec.com/i.ibb.co/7JfqXxB/public/assets/css/public/assets/css/public/assets/js/main.html]
[zinfotec.com/i.ibb.co/7JfqXxB/public/assets/css/public/assets/img/public/assets/css/bootstrap.min.html]
[zinfotec.com/i.ibb.co/7JfqXxB/public/assets/css/public/assets/img/public/assets/css/flaticon.html]
[zinfotec.com/i.ibb.co/7JfqXxB/public/assets/css/public/assets/img/public/assets/css/remixicon.html]
[zinfotec.com/i.ibb.co/7JfqXxB/public/assets/css/public/assets/img/public/assets/css/owl.carousel.min.html]
[zinfotec.com/i.ibb.co/7JfqXxB/public/assets/css/public/assets/img/public/assets/css/swiper-min.html]
[zinfotec.com/i.ibb.co/7JfqXxB/public/assets/css/public/assets/img/public/assets/css/magnific-popup.min.html]
[zinfotec.com/i.ibb.co/7JfqXxB/public/assets/css/public/assets/img/public/assets/css/fancybox.html]
[zinfotec.com/i.ibb.co/7JfqXxB/public/assets/css/public/assets/img/public/assets/css/aos.html]
[zinfotec.com/i.ibb.co/7JfqXxB/public/assets/css/public/assets/img/public/assets/css/style.html]
[zinfotec.com/i.ibb.co/7JfqXxB/public/assets/css/public/assets/img/public/assets/css/dark-theme.html]
[zinfotec.com/i.ibb.co/7JfqXxB/public/assets/css/public/assets/img/public/assets/css/responsive.html]
[zinfotec.com/i.ibb.co/7JfqXxB/public/assets/css/public/assets/img/public/assets/img/favicon.html]
[zinfotec.com/i.ibb.co/7JfqXxB/public/assets/css/public/assets/img/public/assets/js/jquery.min.html]
[zinfotec.com/i.ibb.co/7JfqXxB/public/assets/css/public/assets/img/public/assets/img/logo.html]
[zinfotec.com/i.ibb.co/7JfqXxB/public/assets/css/public/assets/img/public/assets/img/logo-white.html]
[zinfotec.com/i.ibb.co/7JfqXxB/public/assets/css/public/assets/img/contact.html]
[zinfotec.com/i.ibb.co/7JfqXxB/public/assets/css/public/assets/img/public/assets/img/products/product-thumb-1.html]
[zinfotec.com/i.ibb.co/7JfqXxB/public/assets/css/public/assets/img/public/assets/img/products/product-thumb-2.html]
[zinfotec.com/i.ibb.co/7JfqXxB/public/assets/css/public/assets/img/public/assets/img/products/product-thumb-3.html]
[zinfotec.com/i.ibb.co/7JfqXxB/public/assets/css/public/assets/img/cart.html]
[zinfotec.com/i.ibb.co/7JfqXxB/public/assets/css/public/assets/img/checkout.html]
[zinfotec.com/i.ibb.co/7JfqXxB/public/assets/css/public/assets/img/public/assets/img/404.html]
[zinfotec.com/i.ibb.co/7JfqXxB/public/assets/css/public/assets/img/index-2.html]
[zinfotec.com/i.ibb.co/7JfqXxB/public/assets/css/public/assets/img/public/assets/js/bootstrap.bundle.min.html]
[zinfotec.com/i.ibb.co/7JfqXxB/public/assets/css/public/assets/img/public/assets/js/form-validator.min.html]
[zinfotec.com/i.ibb.co/7JfqXxB/public/assets/css/public/assets/img/public/assets/js/aos.html]
[zinfotec.com/i.ibb.co/7JfqXxB/public/assets/css/public/assets/img/public/assets/js/owl.carousel.min.html]
[zinfotec.com/i.ibb.co/7JfqXxB/public/assets/css/public/assets/img/public/assets/js/swiper-min.html]
[zinfotec.com/i.ibb.co/7JfqXxB/public/assets/css/public/assets/img/public/assets/js/magnific-popup.min.html]
[zinfotec.com/i.ibb.co/7JfqXxB/public/assets/css/public/assets/img/public/assets/js/fancybox.html]
[zinfotec.com/i.ibb.co/7JfqXxB/public/assets/css/public/assets/img/public/assets/js/appear.html]
[zinfotec.com/i.ibb.co/7JfqXxB/public/assets/css/public/assets/img/public/assets/js/tweenmax.min.html]
[zinfotec.com/i.ibb.co/7JfqXxB/public/assets/css/public/assets/img/public/assets/js/progressbar.min.html]
[zinfotec.com/i.ibb.co/7JfqXxB/public/assets/css/public/assets/img/favicon.html]
[zinfotec.com/i.ibb.co/7JfqXxB/public/assets/css/public/assets/img/public/assets/js/main.html]
[zinfotec.com/i.ibb.co/7JfqXxB/public/assets/css/public/assets/js/public/assets/css/bootstrap.min.html]
[zinfotec.com/i.ibb.co/7JfqXxB/public/assets/css/public/assets/js/public/assets/css/flaticon.html]
[zinfotec.com/i.ibb.co/7JfqXxB/public/assets/css/public/assets/js/public/assets/css/remixicon.html]
[zinfotec.com/i.ibb.co/7JfqXxB/public/assets/css/public/assets/js/public/assets/css/owl.carousel.min.html]
[zinfotec.com/i.ibb.co/7JfqXxB/public/assets/css/public/assets/js/public/assets/css/swiper-min.html]
[zinfotec.com/i.ibb.co/7JfqXxB/public/assets/css/public/assets/js/public/assets/css/magnific-popup.min.html]
[zinfotec.com/i.ibb.co/7JfqXxB/public/assets/css/public/assets/js/public/assets/css/fancybox.html]
[zinfotec.com/i.ibb.co/7JfqXxB/public/assets/css/public/assets/js/public/assets/css/aos.html]
[zinfotec.com/i.ibb.co/7JfqXxB/public/assets/css/public/assets/js/public/assets/css/style.html]
[zinfotec.com/i.ibb.co/7JfqXxB/public/assets/css/public/assets/js/public/assets/css/dark-theme.html]
[zinfotec.com/i.ibb.co/7JfqXxB/public/assets/css/public/assets/js/public/assets/css/responsive.html]
[zinfotec.com/i.ibb.co/7JfqXxB/public/assets/css/public/assets/js/public/assets/img/favicon.html]
[zinfotec.com/i.ibb.co/7JfqXxB/public/assets/css/public/assets/js/public/assets/js/jquery.min.html]
[zinfotec.com/i.ibb.co/7JfqXxB/public/assets/css/public/assets/js/public/assets/img/logo.html]
[zinfotec.com/i.ibb.co/7JfqXxB/public/assets/css/public/assets/js/public/assets/img/logo-white.html]
[zinfotec.com/i.ibb.co/7JfqXxB/public/assets/css/public/assets/js/contact.html]
[zinfotec.com/i.ibb.co/7JfqXxB/public/assets/css/public/assets/js/public/assets/img/products/product-thumb-1.html]
[zinfotec.com/i.ibb.co/7JfqXxB/public/assets/css/public/assets/js/public/assets/img/products/product-thumb-2.html]
[zinfotec.com/i.ibb.co/7JfqXxB/public/assets/css/public/assets/js/public/assets/img/products/product-thumb-3.html]
[zinfotec.com/i.ibb.co/7JfqXxB/public/assets/css/public/assets/js/cart.html]
[zinfotec.com/i.ibb.co/7JfqXxB/public/assets/css/public/assets/js/checkout.html]
[zinfotec.com/i.ibb.co/7JfqXxB/public/assets/css/public/assets/js/public/assets/img/404.html]
[zinfotec.com/i.ibb.co/7JfqXxB/public/assets/css/public/assets/js/index-2.html]
[zinfotec.com/i.ibb.co/7JfqXxB/public/assets/css/public/assets/js/public/assets/js/bootstrap.bundle.min.html]
[zinfotec.com/i.ibb.co/7JfqXxB/public/assets/css/public/assets/js/public/assets/js/form-validator.min.html]
[zinfotec.com/i.ibb.co/7JfqXxB/public/assets/css/public/assets/js/public/assets/js/aos.html]
[zinfotec.com/i.ibb.co/7JfqXxB/public/assets/css/public/assets/js/public/assets/js/owl.carousel.min.html]
[zinfotec.com/i.ibb.co/7JfqXxB/public/assets/css/public/assets/js/public/assets/js/swiper-min.html]
[zinfotec.com/i.ibb.co/7JfqXxB/public/assets/css/public/assets/js/public/assets/js/magnific-popup.min.html]
[zinfotec.com/i.ibb.co/7JfqXxB/public/assets/css/public/assets/js/public/assets/js/fancybox.html]
[zinfotec.com/i.ibb.co/7JfqXxB/public/assets/css/public/assets/js/public/assets/js/appear.html]
[zinfotec.com/i.ibb.co/7JfqXxB/public/assets/css/public/assets/js/public/assets/js/tweenmax.min.html]
[zinfotec.com/i.ibb.co/7JfqXxB/public/assets/css/public/assets/js/public/assets/js/progressbar.min.html]
[zinfotec.com/i.ibb.co/7JfqXxB/public/assets/css/public/assets/js/jquery.min.html]
[zinfotec.com/i.ibb.co/7JfqXxB/public/assets/css/public/assets/img/logo.html]
[zinfotec.com/i.ibb.co/7JfqXxB/public/assets/css/public/assets/img/logo-white.html]
[zinfotec.com/i.ibb.co/7JfqXxB/public/assets/css/contact.html]
[zinfotec.com/i.ibb.co/7JfqXxB/public/assets/css/public/assets/js/public/assets/js/main.html]
[zinfotec.com/i.ibb.co/7JfqXxB/public/assets/css/public/assets/img/products/public/assets/css/bootstrap.min.html]
[zinfotec.com/i.ibb.co/7JfqXxB/public/assets/css/public/assets/img/products/public/assets/css/flaticon.html]
[zinfotec.com/i.ibb.co/7JfqXxB/public/assets/css/public/assets/img/products/public/assets/css/remixicon.html]
[zinfotec.com/i.ibb.co/7JfqXxB/public/assets/css/public/assets/img/products/public/assets/css/owl.carousel.min.html]
[zinfotec.com/i.ibb.co/7JfqXxB/public/assets/css/public/assets/img/products/public/assets/css/swiper-min.html]
[zinfotec.com/i.ibb.co/7JfqXxB/public/assets/css/public/assets/img/products/public/assets/css/magnific-popup.min.html]
[zinfotec.com/i.ibb.co/7JfqXxB/public/assets/css/public/assets/img/products/public/assets/css/fancybox.html]
[zinfotec.com/i.ibb.co/7JfqXxB/public/assets/css/public/assets/img/products/public/assets/css/aos.html]
[zinfotec.com/i.ibb.co/7JfqXxB/public/assets/css/public/assets/img/products/public/assets/css/style.html]
[zinfotec.com/i.ibb.co/7JfqXxB/public/assets/css/public/assets/img/products/public/assets/css/dark-theme.html]
[zinfotec.com/i.ibb.co/7JfqXxB/public/assets/css/public/assets/img/products/public/assets/css/responsive.html]
[zinfotec.com/i.ibb.co/7JfqXxB/public/assets/css/public/assets/img/products/public/assets/img/favicon.html]
[zinfotec.com/i.ibb.co/7JfqXxB/public/assets/css/public/assets/img/products/public/assets/js/jquery.min.html]
[zinfotec.com/i.ibb.co/7JfqXxB/public/assets/css/public/assets/img/products/public/assets/img/logo.html]
[zinfotec.com/i.ibb.co/7JfqXxB/public/assets/css/public/assets/img/products/public/assets/img/logo-white.html]
[zinfotec.com/i.ibb.co/7JfqXxB/public/assets/css/public/assets/img/products/contact.html]
[zinfotec.com/i.ibb.co/7JfqXxB/public/assets/css/public/assets/img/products/public/assets/img/products/product-thumb-1.html]
[zinfotec.com/i.ibb.co/7JfqXxB/public/assets/css/public/assets/img/products/public/assets/img/products/product-thumb-2.html]
[zinfotec.com/i.ibb.co/7JfqXxB/public/assets/css/public/assets/img/products/public/assets/img/products/product-thumb-3.html]
[zinfotec.com/i.ibb.co/7JfqXxB/public/assets/css/public/assets/img/products/cart.html]
[zinfotec.com/i.ibb.co/7JfqXxB/public/assets/css/public/assets/img/products/checkout.html]
[zinfotec.com/i.ibb.co/7JfqXxB/public/assets/css/public/assets/img/products/public/assets/img/404.html]
[zinfotec.com/i.ibb.co/7JfqXxB/public/assets/css/public/assets/img/products/index-2.html]
[zinfotec.com/i.ibb.co/7JfqXxB/public/assets/css/public/assets/img/products/public/assets/js/bootstrap.bundle.min.html]
[zinfotec.com/i.ibb.co/7JfqXxB/public/assets/css/public/assets/img/products/public/assets/js/form-validator.min.html]
[zinfotec.com/i.ibb.co/7JfqXxB/public/assets/css/public/assets/img/products/public/assets/js/aos.html]
[zinfotec.com/i.ibb.co/7JfqXxB/public/assets/css/public/assets/img/products/public/assets/js/owl.carousel.min.html]
[zinfotec.com/i.ibb.co/7JfqXxB/public/assets/css/public/assets/img/products/public/assets/js/swiper-min.html]
[zinfotec.com/i.ibb.co/7JfqXxB/public/assets/css/public/assets/img/products/public/assets/js/magnific-popup.min.html]
[zinfotec.com/i.ibb.co/7JfqXxB/public/assets/css/public/assets/img/products/public/assets/js/fancybox.html]
[zinfotec.com/i.ibb.co/7JfqXxB/public/assets/css/public/assets/img/products/public/assets/js/appear.html]
[zinfotec.com/i.ibb.co/7JfqXxB/public/assets/css/public/assets/img/products/public/assets/js/tweenmax.min.html]
[zinfotec.com/i.ibb.co/7JfqXxB/public/assets/css/public/assets/img/products/public/assets/js/progressbar.min.html]
[zinfotec.com/i.ibb.co/7JfqXxB/public/assets/css/public/assets/img/products/product-thumb-1.html]
[zinfotec.com/i.ibb.co/7JfqXxB/public/assets/css/public/assets/img/products/product-thumb-2.html]
[zinfotec.com/i.ibb.co/7JfqXxB/public/assets/css/public/assets/img/products/product-thumb-3.html]
[zinfotec.com/i.ibb.co/7JfqXxB/public/assets/css/cart.html]
[zinfotec.com/i.ibb.co/7JfqXxB/public/assets/css/checkout.html]
[zinfotec.com/i.ibb.co/7JfqXxB/public/assets/css/public/assets/img/404.html]
[zinfotec.com/i.ibb.co/7JfqXxB/public/assets/css/index-2.html]
[zinfotec.com/i.ibb.co/7JfqXxB/public/assets/css/public/assets/js/bootstrap.bundle.min.html]
[zinfotec.com/i.ibb.co/7JfqXxB/public/assets/css/public/assets/img/products/public/assets/js/main.html]
[zinfotec.com/i.ibb.co/7JfqXxB/public/assets/css/public/assets/js/form-validator.min.html]
[zinfotec.com/i.ibb.co/7JfqXxB/public/assets/css/public/assets/js/aos.html]
[zinfotec.com/i.ibb.co/7JfqXxB/public/assets/css/public/assets/js/owl.carousel.min.html]
[zinfotec.com/i.ibb.co/7JfqXxB/public/assets/css/public/assets/js/swiper-min.html]
[zinfotec.com/i.ibb.co/7JfqXxB/public/assets/css/public/assets/js/magnific-popup.min.html]
[zinfotec.com/i.ibb.co/7JfqXxB/public/assets/css/public/assets/js/fancybox.html]
[zinfotec.com/i.ibb.co/7JfqXxB/public/assets/css/public/assets/js/appear.html]
[zinfotec.com/i.ibb.co/7JfqXxB/public/assets/css/public/assets/js/tweenmax.min.html]
[zinfotec.com/i.ibb.co/7JfqXxB/public/assets/css/public/assets/js/progressbar.min.html]
[zinfotec.com/i.ibb.co/7JfqXxB/public/assets/css/public/assets/js/main.html]
[zinfotec.com/i.ibb.co/7JfqXxB/public/assets/img/public/assets/css/public/assets/css/bootstrap.min.html]
[zinfotec.com/i.ibb.co/7JfqXxB/public/assets/img/public/assets/css/public/assets/css/flaticon.html]
[zinfotec.com/i.ibb.co/7JfqXxB/public/assets/img/public/assets/css/public/assets/css/remixicon.html]
[zinfotec.com/i.ibb.co/7JfqXxB/public/assets/img/public/assets/css/public/assets/css/owl.carousel.min.html]
[zinfotec.com/i.ibb.co/7JfqXxB/public/assets/img/public/assets/css/public/assets/css/swiper-min.html]
[zinfotec.com/i.ibb.co/7JfqXxB/public/assets/img/public/assets/css/public/assets/css/magnific-popup.min.html]
[zinfotec.com/i.ibb.co/7JfqXxB/public/assets/img/public/assets/css/public/assets/css/fancybox.html]
[zinfotec.com/i.ibb.co/7JfqXxB/public/assets/img/public/assets/css/public/assets/css/aos.html]
[zinfotec.com/i.ibb.co/7JfqXxB/public/assets/img/public/assets/css/public/assets/css/style.html]
[zinfotec.com/i.ibb.co/7JfqXxB/public/assets/img/public/assets/css/public/assets/css/dark-theme.html]
[zinfotec.com/i.ibb.co/7JfqXxB/public/assets/img/public/assets/css/public/assets/css/responsive.html]
[zinfotec.com/i.ibb.co/7JfqXxB/public/assets/img/public/assets/css/public/assets/img/favicon.html]
[zinfotec.com/i.ibb.co/7JfqXxB/public/assets/img/public/assets/css/public/assets/js/jquery.min.html]
[zinfotec.com/i.ibb.co/7JfqXxB/public/assets/img/public/assets/css/public/assets/img/logo.html]
[zinfotec.com/i.ibb.co/7JfqXxB/public/assets/img/public/assets/css/public/assets/img/logo-white.html]
[zinfotec.com/i.ibb.co/7JfqXxB/public/assets/img/public/assets/css/contact.html]
[zinfotec.com/i.ibb.co/7JfqXxB/public/assets/img/public/assets/css/public/assets/img/products/product-thumb-1.html]
[zinfotec.com/i.ibb.co/7JfqXxB/public/assets/img/public/assets/css/public/assets/img/products/product-thumb-2.html]
[zinfotec.com/i.ibb.co/7JfqXxB/public/assets/img/public/assets/css/public/assets/img/products/product-thumb-3.html]
[zinfotec.com/i.ibb.co/7JfqXxB/public/assets/img/public/assets/css/cart.html]
[zinfotec.com/i.ibb.co/7JfqXxB/public/assets/img/public/assets/css/checkout.html]
[zinfotec.com/i.ibb.co/7JfqXxB/public/assets/img/public/assets/css/public/assets/img/404.html]
[zinfotec.com/i.ibb.co/7JfqXxB/public/assets/img/public/assets/css/index-2.html]
[zinfotec.com/i.ibb.co/7JfqXxB/public/assets/img/public/assets/css/public/assets/js/bootstrap.bundle.min.html]
[zinfotec.com/i.ibb.co/7JfqXxB/public/assets/img/public/assets/css/public/assets/js/form-validator.min.html]
[zinfotec.com/i.ibb.co/7JfqXxB/public/assets/img/public/assets/css/public/assets/js/aos.html]
[zinfotec.com/i.ibb.co/7JfqXxB/public/assets/img/public/assets/css/public/assets/js/owl.carousel.min.html]
[zinfotec.com/i.ibb.co/7JfqXxB/public/assets/img/public/assets/css/public/assets/js/swiper-min.html]
[zinfotec.com/i.ibb.co/7JfqXxB/public/assets/img/public/assets/css/public/assets/js/magnific-popup.min.html]
[zinfotec.com/i.ibb.co/7JfqXxB/public/assets/img/public/assets/css/public/assets/js/fancybox.html]
[zinfotec.com/i.ibb.co/7JfqXxB/public/assets/img/public/assets/css/public/assets/js/appear.html]
[zinfotec.com/i.ibb.co/7JfqXxB/public/assets/img/public/assets/css/public/assets/js/tweenmax.min.html]
[zinfotec.com/i.ibb.co/7JfqXxB/public/assets/img/public/assets/css/public/assets/js/progressbar.min.html]
[zinfotec.com/i.ibb.co/7JfqXxB/public/assets/img/public/assets/css/bootstrap.min.html]
[zinfotec.com/i.ibb.co/7JfqXxB/public/assets/img/public/assets/css/flaticon.html]
[zinfotec.com/i.ibb.co/7JfqXxB/public/assets/img/public/assets/css/remixicon.html]
[zinfotec.com/i.ibb.co/7JfqXxB/public/assets/img/public/assets/css/owl.carousel.min.html]
[zinfotec.com/i.ibb.co/7JfqXxB/public/assets/img/public/assets/css/swiper-min.html]
[zinfotec.com/i.ibb.co/7JfqXxB/public/assets/img/public/assets/css/magnific-popup.min.html]
[zinfotec.com/i.ibb.co/7JfqXxB/public/assets/img/public/assets/css/fancybox.html]
[zinfotec.com/i.ibb.co/7JfqXxB/public/assets/img/public/assets/css/aos.html]
[zinfotec.com/i.ibb.co/7JfqXxB/public/assets/img/public/assets/css/style.html]
[zinfotec.com/i.ibb.co/7JfqXxB/public/assets/img/public/assets/css/dark-theme.html]
[zinfotec.com/i.ibb.co/7JfqXxB/public/assets/img/public/assets/css/responsive.html]
[zinfotec.com/i.ibb.co/7JfqXxB/public/assets/img/public/assets/css/public/assets/js/main.html]
[zinfotec.com/i.ibb.co/7JfqXxB/public/assets/img/public/assets/img/public/assets/css/bootstrap.min.html]
[zinfotec.com/i.ibb.co/7JfqXxB/public/assets/img/public/assets/img/public/assets/css/flaticon.html]
[zinfotec.com/i.ibb.co/7JfqXxB/public/assets/img/public/assets/img/public/assets/css/remixicon.html]
[zinfotec.com/i.ibb.co/7JfqXxB/public/assets/img/public/assets/img/public/assets/css/owl.carousel.min.html]
[zinfotec.com/i.ibb.co/7JfqXxB/public/assets/img/public/assets/img/public/assets/css/swiper-min.html]
[zinfotec.com/i.ibb.co/7JfqXxB/public/assets/img/public/assets/img/public/assets/css/magnific-popup.min.html]
[zinfotec.com/i.ibb.co/7JfqXxB/public/assets/img/public/assets/img/public/assets/css/fancybox.html]
[zinfotec.com/i.ibb.co/7JfqXxB/public/assets/img/public/assets/img/public/assets/css/aos.html]
[zinfotec.com/i.ibb.co/7JfqXxB/public/assets/img/public/assets/img/public/assets/css/style.html]
[zinfotec.com/i.ibb.co/7JfqXxB/public/assets/img/public/assets/img/public/assets/css/dark-theme.html]
[zinfotec.com/i.ibb.co/7JfqXxB/public/assets/img/public/assets/img/public/assets/css/responsive.html]
[zinfotec.com/i.ibb.co/7JfqXxB/public/assets/img/public/assets/img/public/assets/img/favicon.html]
[zinfotec.com/i.ibb.co/7JfqXxB/public/assets/img/public/assets/img/public/assets/js/jquery.min.html]
[zinfotec.com/i.ibb.co/7JfqXxB/public/assets/img/public/assets/img/public/assets/img/logo.html]
[zinfotec.com/i.ibb.co/7JfqXxB/public/assets/img/public/assets/img/public/assets/img/logo-white.html]
[zinfotec.com/i.ibb.co/7JfqXxB/public/assets/img/public/assets/img/contact.html]
[zinfotec.com/i.ibb.co/7JfqXxB/public/assets/img/public/assets/img/public/assets/img/products/product-thumb-1.html]
[zinfotec.com/i.ibb.co/7JfqXxB/public/assets/img/public/assets/img/public/assets/img/products/product-thumb-2.html]
[zinfotec.com/i.ibb.co/7JfqXxB/public/assets/img/public/assets/img/public/assets/img/products/product-thumb-3.html]
[zinfotec.com/i.ibb.co/7JfqXxB/public/assets/img/public/assets/img/cart.html]
[zinfotec.com/i.ibb.co/7JfqXxB/public/assets/img/public/assets/img/checkout.html]
[zinfotec.com/i.ibb.co/7JfqXxB/public/assets/img/public/assets/img/public/assets/img/404.html]
[zinfotec.com/i.ibb.co/7JfqXxB/public/assets/img/public/assets/img/index-2.html]
[zinfotec.com/i.ibb.co/7JfqXxB/public/assets/img/public/assets/img/public/assets/js/bootstrap.bundle.min.html]
[zinfotec.com/i.ibb.co/7JfqXxB/public/assets/img/public/assets/img/public/assets/js/form-validator.min.html]
[zinfotec.com/i.ibb.co/7JfqXxB/public/assets/img/public/assets/img/public/assets/js/aos.html]
[zinfotec.com/i.ibb.co/7JfqXxB/public/assets/img/public/assets/img/public/assets/js/owl.carousel.min.html]
[zinfotec.com/i.ibb.co/7JfqXxB/public/assets/img/public/assets/img/public/assets/js/swiper-min.html]
[zinfotec.com/i.ibb.co/7JfqXxB/public/assets/img/public/assets/img/public/assets/js/magnific-popup.min.html]
[zinfotec.com/i.ibb.co/7JfqXxB/public/assets/img/public/assets/img/public/assets/js/fancybox.html]
[zinfotec.com/i.ibb.co/7JfqXxB/public/assets/img/public/assets/img/public/assets/js/appear.html]
[zinfotec.com/i.ibb.co/7JfqXxB/public/assets/img/public/assets/img/public/assets/js/progressbar.min.html]
[zinfotec.com/i.ibb.co/7JfqXxB/public/assets/img/public/assets/img/public/assets/js/tweenmax.min.html]
[zinfotec.com/i.ibb.co/7JfqXxB/public/assets/img/public/assets/img/favicon.html]
[zinfotec.com/i.ibb.co/7JfqXxB/public/assets/img/public/assets/img/public/assets/js/main.html]
[zinfotec.com/i.ibb.co/7JfqXxB/public/assets/img/public/assets/js/public/assets/css/bootstrap.min.html]
[zinfotec.com/i.ibb.co/7JfqXxB/public/assets/img/public/assets/js/public/assets/css/flaticon.html]
[zinfotec.com/i.ibb.co/7JfqXxB/public/assets/img/public/assets/js/public/assets/css/remixicon.html]
[zinfotec.com/i.ibb.co/7JfqXxB/public/assets/img/public/assets/js/public/assets/css/owl.carousel.min.html]
[zinfotec.com/i.ibb.co/7JfqXxB/public/assets/img/public/assets/js/public/assets/css/swiper-min.html]
[zinfotec.com/i.ibb.co/7JfqXxB/public/assets/img/public/assets/js/public/assets/css/magnific-popup.min.html]
[zinfotec.com/i.ibb.co/7JfqXxB/public/assets/img/public/assets/js/public/assets/css/fancybox.html]
[zinfotec.com/i.ibb.co/7JfqXxB/public/assets/img/public/assets/js/public/assets/css/aos.html]
[zinfotec.com/i.ibb.co/7JfqXxB/public/assets/img/public/assets/js/public/assets/css/style.html]
[zinfotec.com/i.ibb.co/7JfqXxB/public/assets/img/public/assets/js/public/assets/css/dark-theme.html]
[zinfotec.com/i.ibb.co/7JfqXxB/public/assets/img/public/assets/js/public/assets/css/responsive.html]
[zinfotec.com/i.ibb.co/7JfqXxB/public/assets/img/public/assets/js/public/assets/img/favicon.html]
[zinfotec.com/i.ibb.co/7JfqXxB/public/assets/img/public/assets/js/public/assets/js/jquery.min.html]
[zinfotec.com/i.ibb.co/7JfqXxB/public/assets/img/public/assets/js/public/assets/img/logo.html]
[zinfotec.com/i.ibb.co/7JfqXxB/public/assets/img/public/assets/js/public/assets/img/logo-white.html]
[zinfotec.com/i.ibb.co/7JfqXxB/public/assets/img/public/assets/js/contact.html]
[zinfotec.com/i.ibb.co/7JfqXxB/public/assets/img/public/assets/js/public/assets/img/products/product-thumb-1.html]
[zinfotec.com/i.ibb.co/7JfqXxB/public/assets/img/public/assets/js/public/assets/img/products/product-thumb-2.html]
[zinfotec.com/i.ibb.co/7JfqXxB/public/assets/img/public/assets/js/public/assets/img/products/product-thumb-3.html]
[zinfotec.com/i.ibb.co/7JfqXxB/public/assets/img/public/assets/js/cart.html]
[zinfotec.com/i.ibb.co/7JfqXxB/public/assets/img/public/assets/js/checkout.html]
[zinfotec.com/i.ibb.co/7JfqXxB/public/assets/img/public/assets/js/public/assets/img/404.html]
[zinfotec.com/i.ibb.co/7JfqXxB/public/assets/img/public/assets/js/index-2.html]
[zinfotec.com/i.ibb.co/7JfqXxB/public/assets/img/public/assets/js/public/assets/js/bootstrap.bundle.min.html]
[zinfotec.com/i.ibb.co/7JfqXxB/public/assets/img/public/assets/js/public/assets/js/form-validator.min.html]
[zinfotec.com/i.ibb.co/7JfqXxB/public/assets/img/public/assets/js/public/assets/js/aos.html]
[zinfotec.com/i.ibb.co/7JfqXxB/public/assets/img/public/assets/js/public/assets/js/owl.carousel.min.html]
[zinfotec.com/i.ibb.co/7JfqXxB/public/assets/img/public/assets/js/public/assets/js/swiper-min.html]
[zinfotec.com/i.ibb.co/7JfqXxB/public/assets/img/public/assets/js/public/assets/js/magnific-popup.min.html]
[zinfotec.com/i.ibb.co/7JfqXxB/public/assets/img/public/assets/js/public/assets/js/fancybox.html]
[zinfotec.com/i.ibb.co/7JfqXxB/public/assets/img/public/assets/js/public/assets/js/appear.html]
[zinfotec.com/i.ibb.co/7JfqXxB/public/assets/img/public/assets/js/public/assets/js/tweenmax.min.html]
[zinfotec.com/i.ibb.co/7JfqXxB/public/assets/img/public/assets/js/public/assets/js/progressbar.min.html]
[zinfotec.com/i.ibb.co/7JfqXxB/public/assets/img/public/assets/js/jquery.min.html]
[zinfotec.com/i.ibb.co/7JfqXxB/public/assets/img/public/assets/img/logo.html]
[zinfotec.com/i.ibb.co/7JfqXxB/public/assets/img/public/assets/img/logo-white.html]
[zinfotec.com/i.ibb.co/7JfqXxB/public/assets/img/contact.html]
[zinfotec.com/i.ibb.co/7JfqXxB/public/assets/img/public/assets/js/public/assets/js/main.html]
[zinfotec.com/i.ibb.co/7JfqXxB/public/assets/img/public/assets/img/products/public/assets/css/bootstrap.min.html]
[zinfotec.com/i.ibb.co/7JfqXxB/public/assets/img/public/assets/img/products/public/assets/css/flaticon.html]
[zinfotec.com/i.ibb.co/7JfqXxB/public/assets/img/public/assets/img/products/public/assets/css/remixicon.html]
[zinfotec.com/i.ibb.co/7JfqXxB/public/assets/img/public/assets/img/products/public/assets/css/owl.carousel.min.html]
[zinfotec.com/i.ibb.co/7JfqXxB/public/assets/img/public/assets/img/products/public/assets/css/swiper-min.html]
[zinfotec.com/i.ibb.co/7JfqXxB/public/assets/img/public/assets/img/products/public/assets/css/magnific-popup.min.html]
[zinfotec.com/i.ibb.co/7JfqXxB/public/assets/img/public/assets/img/products/public/assets/css/fancybox.html]
[zinfotec.com/i.ibb.co/7JfqXxB/public/assets/img/public/assets/img/products/public/assets/css/aos.html]
[zinfotec.com/i.ibb.co/7JfqXxB/public/assets/img/public/assets/img/products/public/assets/css/style.html]
[zinfotec.com/i.ibb.co/7JfqXxB/public/assets/img/public/assets/img/products/public/assets/css/dark-theme.html]
[zinfotec.com/i.ibb.co/7JfqXxB/public/assets/img/public/assets/img/products/public/assets/css/responsive.html]
[zinfotec.com/i.ibb.co/7JfqXxB/public/assets/img/public/assets/img/products/public/assets/img/favicon.html]
[zinfotec.com/i.ibb.co/7JfqXxB/public/assets/img/public/assets/img/products/public/assets/js/jquery.min.html]
[zinfotec.com/i.ibb.co/7JfqXxB/public/assets/img/public/assets/img/products/public/assets/img/logo.html]
[zinfotec.com/i.ibb.co/7JfqXxB/public/assets/img/public/assets/img/products/public/assets/img/logo-white.html]
[zinfotec.com/i.ibb.co/7JfqXxB/public/assets/img/public/assets/img/products/contact.html]
[zinfotec.com/i.ibb.co/7JfqXxB/public/assets/img/public/assets/img/products/public/assets/img/products/product-thumb-1.html]
[zinfotec.com/i.ibb.co/7JfqXxB/public/assets/img/public/assets/img/products/public/assets/img/products/product-thumb-2.html]
[zinfotec.com/i.ibb.co/7JfqXxB/public/assets/img/public/assets/img/products/public/assets/img/products/product-thumb-3.html]
[zinfotec.com/i.ibb.co/7JfqXxB/public/assets/img/public/assets/img/products/cart.html]
[zinfotec.com/i.ibb.co/7JfqXxB/public/assets/img/public/assets/img/products/checkout.html]
[zinfotec.com/i.ibb.co/7JfqXxB/public/assets/img/public/assets/img/products/public/assets/img/404.html]
[zinfotec.com/i.ibb.co/7JfqXxB/public/assets/img/public/assets/img/products/index-2.html]
[zinfotec.com/i.ibb.co/7JfqXxB/public/assets/img/public/assets/img/products/public/assets/js/bootstrap.bundle.min.html]
[zinfotec.com/i.ibb.co/7JfqXxB/public/assets/img/public/assets/img/products/public/assets/js/form-validator.min.html]
[zinfotec.com/i.ibb.co/7JfqXxB/public/assets/img/public/assets/img/products/public/assets/js/aos.html]
[zinfotec.com/i.ibb.co/7JfqXxB/public/assets/img/public/assets/img/products/public/assets/js/owl.carousel.min.html]
[zinfotec.com/i.ibb.co/7JfqXxB/public/assets/img/public/assets/img/products/public/assets/js/swiper-min.html]
[zinfotec.com/i.ibb.co/7JfqXxB/public/assets/img/public/assets/img/products/public/assets/js/magnific-popup.min.html]
[zinfotec.com/i.ibb.co/7JfqXxB/public/assets/img/public/assets/img/products/public/assets/js/fancybox.html]
[zinfotec.com/i.ibb.co/7JfqXxB/public/assets/img/public/assets/img/products/public/assets/js/appear.html]
[zinfotec.com/i.ibb.co/7JfqXxB/public/assets/img/public/assets/img/products/public/assets/js/tweenmax.min.html]
[zinfotec.com/i.ibb.co/7JfqXxB/public/assets/img/public/assets/img/products/public/assets/js/progressbar.min.html]
[zinfotec.com/i.ibb.co/7JfqXxB/public/assets/img/public/assets/img/products/product-thumb-1.html]
[zinfotec.com/i.ibb.co/7JfqXxB/public/assets/img/public/assets/img/products/product-thumb-2.html]
[zinfotec.com/i.ibb.co/7JfqXxB/public/assets/img/public/assets/img/products/product-thumb-3.html]
[zinfotec.com/i.ibb.co/7JfqXxB/public/assets/img/cart.html]
[zinfotec.com/i.ibb.co/7JfqXxB/public/assets/img/checkout.html]
[zinfotec.com/i.ibb.co/7JfqXxB/public/assets/img/public/assets/img/404.html]
[zinfotec.com/i.ibb.co/7JfqXxB/public/assets/img/index-2.html]
[zinfotec.com/i.ibb.co/7JfqXxB/public/assets/img/public/assets/js/bootstrap.bundle.min.html]
[zinfotec.com/i.ibb.co/7JfqXxB/public/assets/img/public/assets/js/form-validator.min.html]
[zinfotec.com/i.ibb.co/7JfqXxB/public/assets/img/public/assets/js/aos.html]
[zinfotec.com/i.ibb.co/7JfqXxB/public/assets/img/public/assets/js/owl.carousel.min.html]
[zinfotec.com/i.ibb.co/7JfqXxB/public/assets/img/public/assets/js/swiper-min.html]
[zinfotec.com/i.ibb.co/7JfqXxB/public/assets/img/public/assets/js/magnific-popup.min.html]
[zinfotec.com/i.ibb.co/7JfqXxB/public/assets/img/public/assets/js/fancybox.html]
[zinfotec.com/i.ibb.co/7JfqXxB/public/assets/img/public/assets/js/appear.html]
[zinfotec.com/i.ibb.co/7JfqXxB/public/assets/img/public/assets/js/tweenmax.min.html]
[zinfotec.com/i.ibb.co/7JfqXxB/public/assets/img/public/assets/js/progressbar.min.html]
[zinfotec.com/i.ibb.co/7JfqXxB/public/assets/img/public/assets/js/main.html]
[zinfotec.com/i.ibb.co/7JfqXxB/public/assets/img/public/assets/img/products/public/assets/js/main.html]
[zinfotec.com/i.ibb.co/7JfqXxB/public/assets/js/public/assets/css/public/assets/css/bootstrap.min.html]
[zinfotec.com/i.ibb.co/7JfqXxB/public/assets/js/public/assets/css/public/assets/css/flaticon.html]
[zinfotec.com/i.ibb.co/7JfqXxB/public/assets/js/public/assets/css/public/assets/css/remixicon.html]
[zinfotec.com/i.ibb.co/7JfqXxB/public/assets/js/public/assets/css/public/assets/css/owl.carousel.min.html]
[zinfotec.com/i.ibb.co/7JfqXxB/public/assets/js/public/assets/css/public/assets/css/swiper-min.html]
[zinfotec.com/i.ibb.co/7JfqXxB/public/assets/js/public/assets/css/public/assets/css/magnific-popup.min.html]
[zinfotec.com/i.ibb.co/7JfqXxB/public/assets/js/public/assets/css/public/assets/css/fancybox.html]
[zinfotec.com/i.ibb.co/7JfqXxB/public/assets/js/public/assets/css/public/assets/css/aos.html]
[zinfotec.com/i.ibb.co/7JfqXxB/public/assets/js/public/assets/css/public/assets/css/style.html]
[zinfotec.com/i.ibb.co/7JfqXxB/public/assets/js/public/assets/css/public/assets/css/dark-theme.html]
[zinfotec.com/i.ibb.co/7JfqXxB/public/assets/js/public/assets/css/public/assets/css/responsive.html]
[zinfotec.com/i.ibb.co/7JfqXxB/public/assets/js/public/assets/css/public/assets/img/favicon.html]
[zinfotec.com/i.ibb.co/7JfqXxB/public/assets/js/public/assets/css/public/assets/js/jquery.min.html]
[zinfotec.com/i.ibb.co/7JfqXxB/public/assets/js/public/assets/css/public/assets/img/logo.html]
[zinfotec.com/i.ibb.co/7JfqXxB/public/assets/js/public/assets/css/public/assets/img/logo-white.html]
[zinfotec.com/i.ibb.co/7JfqXxB/public/assets/js/public/assets/css/contact.html]
[zinfotec.com/i.ibb.co/7JfqXxB/public/assets/js/public/assets/css/public/assets/img/products/product-thumb-1.html]
[zinfotec.com/i.ibb.co/7JfqXxB/public/assets/js/public/assets/css/public/assets/img/products/product-thumb-2.html]
[zinfotec.com/i.ibb.co/7JfqXxB/public/assets/js/public/assets/css/public/assets/img/products/product-thumb-3.html]
[zinfotec.com/i.ibb.co/7JfqXxB/public/assets/js/public/assets/css/cart.html]
[zinfotec.com/i.ibb.co/7JfqXxB/public/assets/js/public/assets/css/checkout.html]
[zinfotec.com/i.ibb.co/7JfqXxB/public/assets/js/public/assets/css/public/assets/img/404.html]
[zinfotec.com/i.ibb.co/7JfqXxB/public/assets/js/public/assets/css/index-2.html]
[zinfotec.com/i.ibb.co/7JfqXxB/public/assets/js/public/assets/css/public/assets/js/bootstrap.bundle.min.html]
[zinfotec.com/i.ibb.co/7JfqXxB/public/assets/js/public/assets/css/bootstrap.min.html]
[zinfotec.com/i.ibb.co/7JfqXxB/public/assets/js/public/assets/css/flaticon.html]
[zinfotec.com/i.ibb.co/7JfqXxB/public/assets/js/public/assets/css/remixicon.html]
[zinfotec.com/i.ibb.co/7JfqXxB/public/assets/js/public/assets/css/owl.carousel.min.html]
[zinfotec.com/i.ibb.co/7JfqXxB/public/assets/js/public/assets/css/swiper-min.html]
[zinfotec.com/i.ibb.co/7JfqXxB/public/assets/js/public/assets/css/magnific-popup.min.html]
[zinfotec.com/i.ibb.co/7JfqXxB/public/assets/js/public/assets/css/fancybox.html]
[zinfotec.com/i.ibb.co/7JfqXxB/public/assets/js/public/assets/css/aos.html]
[zinfotec.com/i.ibb.co/7JfqXxB/public/assets/js/public/assets/css/style.html]
[zinfotec.com/i.ibb.co/7JfqXxB/public/assets/js/public/assets/css/dark-theme.html]
[zinfotec.com/i.ibb.co/7JfqXxB/public/assets/js/public/assets/css/responsive.html]
[zinfotec.com/i.ibb.co/7JfqXxB/public/assets/js/public/assets/img/favicon.html]
[zinfotec.com/i.ibb.co/7JfqXxB/public/assets/js/public/assets/js/jquery.min.html]
[zinfotec.com/i.ibb.co/7JfqXxB/public/assets/js/public/assets/img/logo.html]
[zinfotec.com/i.ibb.co/7JfqXxB/public/assets/js/public/assets/img/logo-white.html]
[zinfotec.com/i.ibb.co/7JfqXxB/public/assets/js/contact.html]
[zinfotec.com/i.ibb.co/7JfqXxB/public/assets/js/public/assets/img/products/product-thumb-1.html]
[zinfotec.com/i.ibb.co/7JfqXxB/public/assets/js/public/assets/img/products/product-thumb-2.html]
[zinfotec.com/i.ibb.co/7JfqXxB/public/assets/js/public/assets/img/products/product-thumb-3.html]
[zinfotec.com/i.ibb.co/7JfqXxB/public/assets/js/cart.html]
[zinfotec.com/i.ibb.co/7JfqXxB/public/assets/js/checkout.html]
[zinfotec.com/i.ibb.co/7JfqXxB/public/assets/js/public/assets/img/404.html]
[zinfotec.com/i.ibb.co/7JfqXxB/public/assets/js/index-2.html]
[zinfotec.com/i.ibb.co/7JfqXxB/public/assets/js/public/assets/js/bootstrap.bundle.min.html]
[zinfotec.com/i.ibb.co/7JfqXxB/public/assets/js/public/assets/js/form-validator.min.html]
[zinfotec.com/i.ibb.co/7JfqXxB/public/assets/js/public/assets/js/aos.html]
[zinfotec.com/i.ibb.co/7JfqXxB/public/assets/js/public/assets/js/owl.carousel.min.html]
[zinfotec.com/i.ibb.co/7JfqXxB/public/assets/js/public/assets/js/swiper-min.html]
[zinfotec.com/i.ibb.co/7JfqXxB/public/assets/js/public/assets/js/magnific-popup.min.html]
[zinfotec.com/i.ibb.co/7JfqXxB/public/assets/js/public/assets/js/fancybox.html]
[zinfotec.com/i.ibb.co/7JfqXxB/public/assets/js/public/assets/js/appear.html]
[zinfotec.com/i.ibb.co/7JfqXxB/public/assets/js/public/assets/js/tweenmax.min.html]
[zinfotec.com/i.ibb.co/7JfqXxB/public/assets/js/public/assets/js/progressbar.min.html]
[zinfotec.com/i.ibb.co/7JfqXxB/public/assets/js/public/assets/js/main.html]
[zinfotec.com/i.ibb.co/7JfqXxB/public/assets/img/products/public/assets/css/bootstrap.min.html]
[zinfotec.com/i.ibb.co/7JfqXxB/public/assets/img/products/public/assets/css/flaticon.html]
[zinfotec.com/i.ibb.co/7JfqXxB/public/assets/img/products/public/assets/css/remixicon.html]
[zinfotec.com/i.ibb.co/7JfqXxB/public/assets/img/products/public/assets/css/owl.carousel.min.html]
[zinfotec.com/i.ibb.co/7JfqXxB/public/assets/img/products/public/assets/css/swiper-min.html]
[zinfotec.com/i.ibb.co/7JfqXxB/public/assets/img/products/public/assets/css/magnific-popup.min.html]
[zinfotec.com/i.ibb.co/7JfqXxB/public/assets/img/products/public/assets/css/fancybox.html]
[zinfotec.com/i.ibb.co/7JfqXxB/public/assets/img/products/public/assets/css/aos.html]
[zinfotec.com/i.ibb.co/7JfqXxB/public/assets/img/products/public/assets/css/style.html]
[zinfotec.com/i.ibb.co/7JfqXxB/public/assets/img/products/public/assets/css/dark-theme.html]
[zinfotec.com/i.ibb.co/7JfqXxB/public/assets/img/products/public/assets/css/responsive.html]
[zinfotec.com/i.ibb.co/7JfqXxB/public/assets/img/products/public/assets/img/favicon.html]
[zinfotec.com/i.ibb.co/7JfqXxB/public/assets/img/products/public/assets/js/jquery.min.html]
[zinfotec.com/i.ibb.co/7JfqXxB/public/assets/img/products/public/assets/img/logo.html]
[zinfotec.com/i.ibb.co/7JfqXxB/public/assets/img/products/public/assets/img/logo-white.html]
[zinfotec.com/i.ibb.co/7JfqXxB/public/assets/img/products/contact.html]
[zinfotec.com/i.ibb.co/7JfqXxB/public/assets/img/products/public/assets/img/products/product-thumb-1.html]
[zinfotec.com/i.ibb.co/7JfqXxB/public/assets/img/products/public/assets/img/products/product-thumb-2.html]
[zinfotec.com/i.ibb.co/7JfqXxB/public/assets/img/products/public/assets/img/products/product-thumb-3.html]
[zinfotec.com/i.ibb.co/7JfqXxB/public/assets/img/products/cart.html]
[zinfotec.com/i.ibb.co/7JfqXxB/public/assets/img/products/checkout.html]
[zinfotec.com/i.ibb.co/7JfqXxB/public/assets/img/products/public/assets/img/404.html]
[zinfotec.com/i.ibb.co/7JfqXxB/public/assets/img/products/index-2.html]
[zinfotec.com/i.ibb.co/7JfqXxB/public/assets/img/products/public/assets/js/bootstrap.bundle.min.html]
[zinfotec.com/i.ibb.co/7JfqXxB/public/assets/img/products/public/assets/js/form-validator.min.html]
[zinfotec.com/i.ibb.co/7JfqXxB/public/assets/img/products/public/assets/js/aos.html]
[zinfotec.com/i.ibb.co/7JfqXxB/public/assets/img/products/public/assets/js/owl.carousel.min.html]
[zinfotec.com/i.ibb.co/7JfqXxB/public/assets/img/products/public/assets/js/swiper-min.html]
[zinfotec.com/i.ibb.co/7JfqXxB/public/assets/img/products/public/assets/js/magnific-popup.min.html]
[zinfotec.com/i.ibb.co/7JfqXxB/public/assets/img/products/public/assets/js/fancybox.html]
[zinfotec.com/i.ibb.co/7JfqXxB/public/assets/img/products/public/assets/js/appear.html]
[zinfotec.com/i.ibb.co/7JfqXxB/public/assets/img/products/public/assets/js/tweenmax.min.html]
[zinfotec.com/i.ibb.co/7JfqXxB/public/assets/img/products/public/assets/js/progressbar.min.html]
[zinfotec.com/i.ibb.co/7JfqXxB/public/assets/img/products/public/assets/js/main.html]
[zinfotec.com/i.ibb.co/7JfqXxB/public/assets/css/public/assets/css/public/assets/css/bootstrap.min.html]
[zinfotec.com/i.ibb.co/7JfqXxB/public/assets/css/public/assets/css/public/assets/css/flaticon.html]
[zinfotec.com/i.ibb.co/7JfqXxB/public/assets/css/public/assets/css/public/assets/css/remixicon.html]
[zinfotec.com/i.ibb.co/7JfqXxB/public/assets/css/public/assets/css/public/assets/css/owl.carousel.min.html]
[zinfotec.com/i.ibb.co/7JfqXxB/public/assets/css/public/assets/css/public/assets/css/swiper-min.html]
[zinfotec.com/i.ibb.co/7JfqXxB/public/assets/css/public/assets/css/public/assets/css/magnific-popup.min.html]
[zinfotec.com/i.ibb.co/7JfqXxB/public/assets/css/public/assets/css/public/assets/css/fancybox.html]
[zinfotec.com/i.ibb.co/7JfqXxB/public/assets/css/public/assets/css/public/assets/css/aos.html]
[zinfotec.com/i.ibb.co/7JfqXxB/public/assets/css/public/assets/css/public/assets/css/style.html]
[zinfotec.com/i.ibb.co/7JfqXxB/public/assets/css/public/assets/css/public/assets/css/dark-theme.html]
[zinfotec.com/i.ibb.co/7JfqXxB/public/assets/css/public/assets/css/public/assets/css/responsive.html]
[zinfotec.com/i.ibb.co/7JfqXxB/public/assets/css/public/assets/css/public/assets/img/favicon.html]
[zinfotec.com/i.ibb.co/7JfqXxB/public/assets/css/public/assets/css/public/assets/js/jquery.min.html]
[zinfotec.com/i.ibb.co/7JfqXxB/public/assets/css/public/assets/css/public/assets/img/logo.html]
[zinfotec.com/i.ibb.co/7JfqXxB/public/assets/css/public/assets/css/public/assets/img/logo-white.html]
[zinfotec.com/i.ibb.co/7JfqXxB/public/assets/css/public/assets/css/contact.html]
[zinfotec.com/i.ibb.co/7JfqXxB/public/assets/css/public/assets/css/public/assets/img/products/product-thumb-1.html]
[zinfotec.com/i.ibb.co/7JfqXxB/public/assets/css/public/assets/css/public/assets/img/products/product-thumb-2.html]
[zinfotec.com/i.ibb.co/7JfqXxB/public/assets/css/public/assets/css/public/assets/img/products/product-thumb-3.html]
[zinfotec.com/i.ibb.co/7JfqXxB/public/assets/css/public/assets/css/cart.html]
[zinfotec.com/i.ibb.co/7JfqXxB/public/assets/css/public/assets/css/checkout.html]
[zinfotec.com/i.ibb.co/7JfqXxB/public/assets/css/public/assets/css/public/assets/img/404.html]
[zinfotec.com/i.ibb.co/7JfqXxB/public/assets/css/public/assets/css/index-2.html]
[zinfotec.com/i.ibb.co/7JfqXxB/public/assets/css/public/assets/css/public/assets/js/bootstrap.bundle.min.html]
[zinfotec.com/i.ibb.co/7JfqXxB/public/assets/css/public/assets/css/public/assets/js/form-validator.min.html]
[zinfotec.com/i.ibb.co/7JfqXxB/public/assets/css/public/assets/css/public/assets/js/aos.html]
[zinfotec.com/i.ibb.co/7JfqXxB/public/assets/css/public/assets/css/public/assets/js/owl.carousel.min.html]
[zinfotec.com/i.ibb.co/7JfqXxB/public/assets/css/public/assets/css/public/assets/js/swiper-min.html]
[zinfotec.com/i.ibb.co/7JfqXxB/public/assets/css/public/assets/css/public/assets/js/magnific-popup.min.html]
[zinfotec.com/i.ibb.co/7JfqXxB/public/assets/css/public/assets/css/public/assets/js/fancybox.html]
[zinfotec.com/i.ibb.co/7JfqXxB/public/assets/css/public/assets/css/public/assets/js/appear.html]
[zinfotec.com/i.ibb.co/7JfqXxB/public/assets/css/public/assets/css/public/assets/js/tweenmax.min.html]
[zinfotec.com/i.ibb.co/7JfqXxB/public/assets/css/public/assets/css/public/assets/js/progressbar.min.html]
[zinfotec.com/i.ibb.co/7JfqXxB/public/assets/css/public/assets/css/public/assets/js/main.html]
[zinfotec.com/i.ibb.co/7JfqXxB/public/assets/css/public/assets/img/public/assets/css/bootstrap.min.html]
[zinfotec.com/i.ibb.co/7JfqXxB/public/assets/css/public/assets/img/public/assets/css/flaticon.html]
[zinfotec.com/i.ibb.co/7JfqXxB/public/assets/css/public/assets/img/public/assets/css/remixicon.html]
[zinfotec.com/i.ibb.co/7JfqXxB/public/assets/css/public/assets/img/public/assets/css/owl.carousel.min.html]
[zinfotec.com/i.ibb.co/7JfqXxB/public/assets/css/public/assets/img/public/assets/css/swiper-min.html]
[zinfotec.com/i.ibb.co/7JfqXxB/public/assets/css/public/assets/img/public/assets/css/magnific-popup.min.html]
[zinfotec.com/i.ibb.co/7JfqXxB/public/assets/css/public/assets/img/public/assets/css/fancybox.html]
[zinfotec.com/i.ibb.co/7JfqXxB/public/assets/css/public/assets/img/public/assets/css/aos.html]
[zinfotec.com/i.ibb.co/7JfqXxB/public/assets/css/public/assets/img/public/assets/css/style.html]
[zinfotec.com/i.ibb.co/7JfqXxB/public/assets/css/public/assets/img/public/assets/css/dark-theme.html]
[zinfotec.com/i.ibb.co/7JfqXxB/public/assets/css/public/assets/img/public/assets/css/responsive.html]
[zinfotec.com/i.ibb.co/7JfqXxB/public/assets/css/public/assets/img/public/assets/img/favicon.html]
[zinfotec.com/i.ibb.co/7JfqXxB/public/assets/css/public/assets/img/public/assets/js/jquery.min.html]
[zinfotec.com/i.ibb.co/7JfqXxB/public/assets/css/public/assets/img/public/assets/img/logo.html]
[zinfotec.com/i.ibb.co/7JfqXxB/public/assets/css/public/assets/img/public/assets/img/logo-white.html]
[zinfotec.com/i.ibb.co/7JfqXxB/public/assets/js/public/assets/css/public/assets/js/form-validator.min.html]
[zinfotec.com/i.ibb.co/7JfqXxB/public/assets/css/public/assets/img/contact.html]
[zinfotec.com/i.ibb.co/7JfqXxB/public/assets/css/public/assets/img/public/assets/img/products/product-thumb-1.html]
[zinfotec.com/i.ibb.co/7JfqXxB/public/assets/css/public/assets/img/public/assets/img/products/product-thumb-2.html]
[zinfotec.com/i.ibb.co/7JfqXxB/public/assets/css/public/assets/img/public/assets/img/products/product-thumb-3.html]
[zinfotec.com/i.ibb.co/7JfqXxB/public/assets/css/public/assets/img/cart.html]
[zinfotec.com/i.ibb.co/7JfqXxB/public/assets/css/public/assets/img/checkout.html]
[zinfotec.com/i.ibb.co/7JfqXxB/public/assets/css/public/assets/img/public/assets/img/404.html]
[zinfotec.com/i.ibb.co/7JfqXxB/public/assets/css/public/assets/img/index-2.html]
[zinfotec.com/i.ibb.co/7JfqXxB/public/assets/css/public/assets/img/public/assets/js/bootstrap.bundle.min.html]
[zinfotec.com/i.ibb.co/7JfqXxB/public/assets/css/public/assets/img/public/assets/js/form-validator.min.html]
[zinfotec.com/i.ibb.co/7JfqXxB/public/assets/css/public/assets/img/public/assets/js/aos.html]
[zinfotec.com/i.ibb.co/7JfqXxB/public/assets/css/public/assets/img/public/assets/js/owl.carousel.min.html]
[zinfotec.com/i.ibb.co/7JfqXxB/public/assets/css/public/assets/img/public/assets/js/swiper-min.html]
[zinfotec.com/i.ibb.co/7JfqXxB/public/assets/css/public/assets/img/public/assets/js/magnific-popup.min.html]
[zinfotec.com/i.ibb.co/7JfqXxB/public/assets/css/public/assets/img/public/assets/js/fancybox.html]
[zinfotec.com/i.ibb.co/7JfqXxB/public/assets/css/public/assets/img/public/assets/js/appear.html]
[zinfotec.com/i.ibb.co/7JfqXxB/public/assets/css/public/assets/img/public/assets/js/tweenmax.min.html]
[zinfotec.com/i.ibb.co/7JfqXxB/public/assets/css/public/assets/img/public/assets/js/progressbar.min.html]
[zinfotec.com/i.ibb.co/7JfqXxB/public/assets/css/public/assets/img/public/assets/js/main.html]
[zinfotec.com/i.ibb.co/7JfqXxB/public/assets/css/public/assets/js/public/assets/css/bootstrap.min.html]
[zinfotec.com/i.ibb.co/7JfqXxB/public/assets/css/public/assets/js/public/assets/css/flaticon.html]
[zinfotec.com/i.ibb.co/7JfqXxB/public/assets/css/public/assets/js/public/assets/css/remixicon.html]
[zinfotec.com/i.ibb.co/7JfqXxB/public/assets/css/public/assets/js/public/assets/css/owl.carousel.min.html]
[zinfotec.com/i.ibb.co/7JfqXxB/public/assets/css/public/assets/js/public/assets/css/swiper-min.html]
[zinfotec.com/i.ibb.co/7JfqXxB/public/assets/css/public/assets/js/public/assets/css/magnific-popup.min.html]
[zinfotec.com/i.ibb.co/7JfqXxB/public/assets/css/public/assets/js/public/assets/css/fancybox.html]
[zinfotec.com/i.ibb.co/7JfqXxB/public/assets/css/public/assets/js/public/assets/css/aos.html]
[zinfotec.com/i.ibb.co/7JfqXxB/public/assets/css/public/assets/js/public/assets/css/style.html]
[zinfotec.com/i.ibb.co/7JfqXxB/public/assets/css/public/assets/js/public/assets/css/dark-theme.html]
[zinfotec.com/i.ibb.co/7JfqXxB/public/assets/css/public/assets/js/public/assets/css/responsive.html]
[zinfotec.com/i.ibb.co/7JfqXxB/public/assets/css/public/assets/js/public/assets/img/favicon.html]
[zinfotec.com/i.ibb.co/7JfqXxB/public/assets/css/public/assets/js/public/assets/js/jquery.min.html]
[zinfotec.com/i.ibb.co/7JfqXxB/public/assets/css/public/assets/js/public/assets/img/logo.html]
[zinfotec.com/i.ibb.co/7JfqXxB/public/assets/css/public/assets/js/public/assets/img/logo-white.html]
[zinfotec.com/i.ibb.co/7JfqXxB/public/assets/css/public/assets/js/contact.html]
[zinfotec.com/i.ibb.co/7JfqXxB/public/assets/css/public/assets/js/public/assets/img/products/product-thumb-1.html]
[zinfotec.com/i.ibb.co/7JfqXxB/public/assets/css/public/assets/js/public/assets/img/products/product-thumb-2.html]
[zinfotec.com/i.ibb.co/7JfqXxB/public/assets/css/public/assets/js/public/assets/img/products/product-thumb-3.html]
[zinfotec.com/i.ibb.co/7JfqXxB/public/assets/css/public/assets/js/cart.html]
[zinfotec.com/i.ibb.co/7JfqXxB/public/assets/css/public/assets/js/checkout.html]
[zinfotec.com/i.ibb.co/7JfqXxB/public/assets/css/public/assets/js/public/assets/img/404.html]
[zinfotec.com/i.ibb.co/7JfqXxB/public/assets/css/public/assets/js/index-2.html]
[zinfotec.com/i.ibb.co/7JfqXxB/public/assets/css/public/assets/js/public/assets/js/bootstrap.bundle.min.html]
[zinfotec.com/i.ibb.co/7JfqXxB/public/assets/css/public/assets/js/public/assets/js/form-validator.min.html]
[zinfotec.com/i.ibb.co/7JfqXxB/public/assets/css/public/assets/js/public/assets/js/aos.html]
[zinfotec.com/i.ibb.co/7JfqXxB/public/assets/css/public/assets/js/public/assets/js/owl.carousel.min.html]
[zinfotec.com/i.ibb.co/7JfqXxB/public/assets/css/public/assets/js/public/assets/js/swiper-min.html]
[zinfotec.com/i.ibb.co/7JfqXxB/public/assets/css/public/assets/js/public/assets/js/magnific-popup.min.html]
[zinfotec.com/i.ibb.co/7JfqXxB/public/assets/css/public/assets/js/public/assets/js/fancybox.html]
[zinfotec.com/i.ibb.co/7JfqXxB/public/assets/css/public/assets/js/public/assets/js/appear.html]
[zinfotec.com/i.ibb.co/7JfqXxB/public/assets/css/public/assets/js/public/assets/js/tweenmax.min.html]
[zinfotec.com/i.ibb.co/7JfqXxB/public/assets/css/public/assets/js/public/assets/js/progressbar.min.html]
[zinfotec.com/i.ibb.co/7JfqXxB/public/assets/css/public/assets/js/public/assets/js/main.html]
[zinfotec.com/i.ibb.co/7JfqXxB/public/assets/css/public/assets/img/products/public/assets/css/bootstrap.min.html]
[zinfotec.com/i.ibb.co/7JfqXxB/public/assets/css/public/assets/img/products/public/assets/css/flaticon.html]
[zinfotec.com/i.ibb.co/7JfqXxB/public/assets/css/public/assets/img/products/public/assets/css/remixicon.html]
[zinfotec.com/i.ibb.co/7JfqXxB/public/assets/css/public/assets/img/products/public/assets/css/owl.carousel.min.html]
[zinfotec.com/i.ibb.co/7JfqXxB/public/assets/css/public/assets/img/products/public/assets/css/swiper-min.html]
[zinfotec.com/i.ibb.co/7JfqXxB/public/assets/css/public/assets/img/products/public/assets/css/magnific-popup.min.html]
[zinfotec.com/i.ibb.co/7JfqXxB/public/assets/css/public/assets/img/products/public/assets/css/fancybox.html]
[zinfotec.com/i.ibb.co/7JfqXxB/public/assets/css/public/assets/img/products/public/assets/css/aos.html]
[zinfotec.com/i.ibb.co/7JfqXxB/public/assets/css/public/assets/img/products/public/assets/css/style.html]
[zinfotec.com/i.ibb.co/7JfqXxB/public/assets/css/public/assets/img/products/public/assets/css/dark-theme.html]
[zinfotec.com/i.ibb.co/7JfqXxB/public/assets/css/public/assets/img/products/public/assets/css/responsive.html]
[zinfotec.com/i.ibb.co/7JfqXxB/public/assets/css/public/assets/img/products/public/assets/img/favicon.html]
[zinfotec.com/i.ibb.co/7JfqXxB/public/assets/css/public/assets/img/products/public/assets/js/jquery.min.html]
[zinfotec.com/i.ibb.co/7JfqXxB/public/assets/css/public/assets/img/products/public/assets/img/logo.html]
[zinfotec.com/i.ibb.co/7JfqXxB/public/assets/css/public/assets/img/products/public/assets/img/logo-white.html]
[zinfotec.com/i.ibb.co/7JfqXxB/public/assets/css/public/assets/img/products/contact.html]
[zinfotec.com/i.ibb.co/7JfqXxB/public/assets/css/public/assets/img/products/public/assets/img/products/product-thumb-1.html]
